../Core/Src/stm32_tm1637.c:32:6:tm1637Init	40	static
../Core/Src/stm32_tm1637.c:48:6:tm1637DisplayDecimal	32	static
../Core/Src/stm32_tm1637.c:78:6:tm1637SetBrightness	16	static
../Core/Src/stm32_tm1637.c:91:6:_tm1637Start	8	static
../Core/Src/stm32_tm1637.c:99:6:_tm1637Stop	8	static
../Core/Src/stm32_tm1637.c:110:6:_tm1637ReadResult	8	static
../Core/Src/stm32_tm1637.c:120:6:_tm1637WriteByte	24	static
../Core/Src/stm32_tm1637.c:137:6:_tm1637DelayUsec	24	static,ignoring_inline_asm
../Core/Src/stm32_tm1637.c:146:6:_tm1637ClkHigh	8	static
../Core/Src/stm32_tm1637.c:151:6:_tm1637ClkLow	8	static
../Core/Src/stm32_tm1637.c:156:6:_tm1637DioHigh	8	static
../Core/Src/stm32_tm1637.c:161:6:_tm1637DioLow	8	static
