../Core/Src/main.c:74:5:main	16	static
../Core/Src/main.c:136:6:SystemClock_Config	160	static
../Core/Src/main.c:187:13:MX_ADC3_Init	48	static
../Core/Src/main.c:253:13:MX_TIM2_Init	64	static
../Core/Src/main.c:312:13:MX_TIM4_Init	64	static
../Core/Src/main.c:371:13:MX_USART2_UART_Init	8	static
../Core/Src/main.c:406:13:MX_GPIO_Init	48	static
../Core/Src/main.c:441:6:HAL_TIM_PWM_PulseFinishedCallback	16	static
../Core/Src/main.c:448:6:HAL_TIM_PeriodElapsedCallback	16	static
../Core/Src/main.c:460:6:Error_Handler	4	static,ignoring_inline_asm
