../Core/Src/main.c:74:5:main	16	static
../Core/Src/main.c:134:6:SystemClock_Config	160	static
../Core/Src/main.c:185:13:MX_ADC3_Init	48	static
../Core/Src/main.c:251:13:MX_TIM2_Init	64	static
../Core/Src/main.c:310:13:MX_TIM4_Init	64	static
../Core/Src/main.c:369:13:MX_USART2_UART_Init	8	static
../Core/Src/main.c:404:13:MX_GPIO_Init	48	static
../Core/Src/main.c:439:6:HAL_TIM_PWM_PulseFinishedCallback	16	static
../Core/Src/main.c:446:6:HAL_TIM_PeriodElapsedCallback	16	static
../Core/Src/main.c:458:6:Error_Handler	4	static,ignoring_inline_asm
