Archive member included to satisfy reference by file (symbol)

C:/ST/STM32CubeIDE_2.0.0/STM32CubeIDE/plugins/com.st.stm32cube.ide.mcu.externaltools.gnu-tools-for-stm32.13.3.rel1.win32_1.0.100.202509120712/tools/bin/../lib/gcc/arm-none-eabi/13.3.1/../../../../arm-none-eabi/lib/thumb/v7e-m+fp/hard\libc_nano.a(libc_a-exit.o)
                              C:/ST/STM32CubeIDE_2.0.0/STM32CubeIDE/plugins/com.st.stm32cube.ide.mcu.externaltools.gnu-tools-for-stm32.13.3.rel1.win32_1.0.100.202509120712/tools/bin/../lib/gcc/arm-none-eabi/13.3.1/../../../../arm-none-eabi/lib/thumb/v7e-m+fp/hard/crt0.o (exit)
C:/ST/STM32CubeIDE_2.0.0/STM32CubeIDE/plugins/com.st.stm32cube.ide.mcu.externaltools.gnu-tools-for-stm32.13.3.rel1.win32_1.0.100.202509120712/tools/bin/../lib/gcc/arm-none-eabi/13.3.1/../../../../arm-none-eabi/lib/thumb/v7e-m+fp/hard\libc_nano.a(libc_a-findfp.o)
                              C:/ST/STM32CubeIDE_2.0.0/STM32CubeIDE/plugins/com.st.stm32cube.ide.mcu.externaltools.gnu-tools-for-stm32.13.3.rel1.win32_1.0.100.202509120712/tools/bin/../lib/gcc/arm-none-eabi/13.3.1/../../../../arm-none-eabi/lib/thumb/v7e-m+fp/hard\libc_nano.a(libc_a-exit.o) (__stdio_exit_handler)
C:/ST/STM32CubeIDE_2.0.0/STM32CubeIDE/plugins/com.st.stm32cube.ide.mcu.externaltools.gnu-tools-for-stm32.13.3.rel1.win32_1.0.100.202509120712/tools/bin/../lib/gcc/arm-none-eabi/13.3.1/../../../../arm-none-eabi/lib/thumb/v7e-m+fp/hard\libc_nano.a(libc_a-fwalk.o)
                              C:/ST/STM32CubeIDE_2.0.0/STM32CubeIDE/plugins/com.st.stm32cube.ide.mcu.externaltools.gnu-tools-for-stm32.13.3.rel1.win32_1.0.100.202509120712/tools/bin/../lib/gcc/arm-none-eabi/13.3.1/../../../../arm-none-eabi/lib/thumb/v7e-m+fp/hard\libc_nano.a(libc_a-findfp.o) (_fwalk_sglue)
C:/ST/STM32CubeIDE_2.0.0/STM32CubeIDE/plugins/com.st.stm32cube.ide.mcu.externaltools.gnu-tools-for-stm32.13.3.rel1.win32_1.0.100.202509120712/tools/bin/../lib/gcc/arm-none-eabi/13.3.1/../../../../arm-none-eabi/lib/thumb/v7e-m+fp/hard\libc_nano.a(libc_a-sprintf.o)
                              ./Core/Src/main.o (sprintf)
C:/ST/STM32CubeIDE_2.0.0/STM32CubeIDE/plugins/com.st.stm32cube.ide.mcu.externaltools.gnu-tools-for-stm32.13.3.rel1.win32_1.0.100.202509120712/tools/bin/../lib/gcc/arm-none-eabi/13.3.1/../../../../arm-none-eabi/lib/thumb/v7e-m+fp/hard\libc_nano.a(libc_a-stdio.o)
                              C:/ST/STM32CubeIDE_2.0.0/STM32CubeIDE/plugins/com.st.stm32cube.ide.mcu.externaltools.gnu-tools-for-stm32.13.3.rel1.win32_1.0.100.202509120712/tools/bin/../lib/gcc/arm-none-eabi/13.3.1/../../../../arm-none-eabi/lib/thumb/v7e-m+fp/hard\libc_nano.a(libc_a-findfp.o) (__sread)
C:/ST/STM32CubeIDE_2.0.0/STM32CubeIDE/plugins/com.st.stm32cube.ide.mcu.externaltools.gnu-tools-for-stm32.13.3.rel1.win32_1.0.100.202509120712/tools/bin/../lib/gcc/arm-none-eabi/13.3.1/../../../../arm-none-eabi/lib/thumb/v7e-m+fp/hard\libc_nano.a(libc_a-memset.o)
                              C:/ST/STM32CubeIDE_2.0.0/STM32CubeIDE/plugins/com.st.stm32cube.ide.mcu.externaltools.gnu-tools-for-stm32.13.3.rel1.win32_1.0.100.202509120712/tools/bin/../lib/gcc/arm-none-eabi/13.3.1/../../../../arm-none-eabi/lib/thumb/v7e-m+fp/hard/crt0.o (memset)
C:/ST/STM32CubeIDE_2.0.0/STM32CubeIDE/plugins/com.st.stm32cube.ide.mcu.externaltools.gnu-tools-for-stm32.13.3.rel1.win32_1.0.100.202509120712/tools/bin/../lib/gcc/arm-none-eabi/13.3.1/../../../../arm-none-eabi/lib/thumb/v7e-m+fp/hard\libc_nano.a(libc_a-closer.o)
                              C:/ST/STM32CubeIDE_2.0.0/STM32CubeIDE/plugins/com.st.stm32cube.ide.mcu.externaltools.gnu-tools-for-stm32.13.3.rel1.win32_1.0.100.202509120712/tools/bin/../lib/gcc/arm-none-eabi/13.3.1/../../../../arm-none-eabi/lib/thumb/v7e-m+fp/hard\libc_nano.a(libc_a-stdio.o) (_close_r)
C:/ST/STM32CubeIDE_2.0.0/STM32CubeIDE/plugins/com.st.stm32cube.ide.mcu.externaltools.gnu-tools-for-stm32.13.3.rel1.win32_1.0.100.202509120712/tools/bin/../lib/gcc/arm-none-eabi/13.3.1/../../../../arm-none-eabi/lib/thumb/v7e-m+fp/hard\libc_nano.a(libc_a-reent.o)
                              C:/ST/STM32CubeIDE_2.0.0/STM32CubeIDE/plugins/com.st.stm32cube.ide.mcu.externaltools.gnu-tools-for-stm32.13.3.rel1.win32_1.0.100.202509120712/tools/bin/../lib/gcc/arm-none-eabi/13.3.1/../../../../arm-none-eabi/lib/thumb/v7e-m+fp/hard\libc_nano.a(libc_a-closer.o) (errno)
C:/ST/STM32CubeIDE_2.0.0/STM32CubeIDE/plugins/com.st.stm32cube.ide.mcu.externaltools.gnu-tools-for-stm32.13.3.rel1.win32_1.0.100.202509120712/tools/bin/../lib/gcc/arm-none-eabi/13.3.1/../../../../arm-none-eabi/lib/thumb/v7e-m+fp/hard\libc_nano.a(libc_a-impure.o)
                              C:/ST/STM32CubeIDE_2.0.0/STM32CubeIDE/plugins/com.st.stm32cube.ide.mcu.externaltools.gnu-tools-for-stm32.13.3.rel1.win32_1.0.100.202509120712/tools/bin/../lib/gcc/arm-none-eabi/13.3.1/../../../../arm-none-eabi/lib/thumb/v7e-m+fp/hard\libc_nano.a(libc_a-sprintf.o) (_impure_ptr)
[...]
Memory Configuration

Name             Origin             Length             Attributes
CCMRAM           0x10000000         0x00004000         xrw
RAM              0x20000000         0x00010000         xrw
FLASH            0x08000000         0x00080000         xr
*default*        0x00000000         0xffffffff

Linker script and memory map

LOAD C:/ST/STM32CubeIDE_2.0.0/STM32CubeIDE/plugins/com.st.stm32cube.ide.mcu.externaltools.gnu-tools-for-stm32.13.3.rel1.win32_1.0.100.202509120712/tools/bin/../lib/gcc/arm-none-eabi/13.3.1/thumb/v7e-m+fp/hard/crti.o
LOAD C:/ST/STM32CubeIDE_2.0.0/STM32CubeIDE/plugins/com.st.stm32cube.ide.mcu.externaltools.gnu-tools-for-stm32.13.3.rel1.win32_1.0.100.202509120712/tools/bin/../lib/gcc/arm-none-eabi/13.3.1/thumb/v7e-m+fp/hard/crtbegin.o
LOAD C:/ST/STM32CubeIDE_2.0.0/STM32CubeIDE/plugins/com.st.stm32cube.ide.mcu.externaltools.gnu-tools-for-stm32.13.3.rel1.win32_1.0.100.202509120712/tools/bin/../lib/gcc/arm-none-eabi/13.3.1/../../../../arm-none-eabi/lib/thumb/v7e-m+fp/hard/crt0.o
LOAD ./Core/Src/main.o
LOAD ./Core/Src/stm32f3xx_hal_msp.o
LOAD ./Core/Src/stm32f3xx_it.o
LOAD ./Core/Src/syscalls.o
LOAD ./Core/Src/sysmem.o
LOAD ./Core/Src/system_stm32f3xx.o
LOAD ./Core/Startup/startup_stm32f303retx.o
LOAD ./Drivers/STM32F3xx_HAL_Driver/Src/stm32f3xx_hal.o
LOAD ./Drivers/STM32F3xx_HAL_Driver/Src/stm32f3xx_hal_cortex.o
LOAD ./Drivers/STM32F3xx_HAL_Driver/Src/stm32f3xx_hal_dma.o
LOAD ./Drivers/STM32F3xx_HAL_Driver/Src/stm32f3xx_hal_exti.o
LOAD ./Drivers/STM32F3xx_HAL_Driver/Src/stm32f3xx_hal_flash.o
LOAD ./Drivers/STM32F3xx_HAL_Driver/Src/stm32f3xx_hal_flash_ex.o
LOAD ./Drivers/STM32F3xx_HAL_Driver/Src/stm32f3xx_hal_gpio.o
LOAD ./Drivers/STM32F3xx_HAL_Driver/Src/stm32f3xx_hal_i2c.o
LOAD ./Drivers/STM32F3xx_HAL_Driver/Src/stm32f3xx_hal_i2c_ex.o
LOAD ./Drivers/STM32F3xx_HAL_Driver/Src/stm32f3xx_hal_pwr.o
LOAD ./Drivers/STM32F3xx_HAL_Driver/Src/stm32f3xx_hal_pwr_ex.o
LOAD ./Drivers/STM32F3xx_HAL_Driver/Src/stm32f3xx_hal_rcc.o
LOAD ./Drivers/STM32F3xx_HAL_Driver/Src/stm32f3xx_hal_rcc_ex.o
LOAD ./Drivers/STM32F3xx_HAL_Driver/Src/stm32f3xx_hal_tim.o
LOAD ./Drivers/STM32F3xx_HAL_Driver/Src/stm32f3xx_hal_tim_ex.o
LOAD ./Drivers/STM32F3xx_HAL_Driver/Src/stm32f3xx_hal_uart.o
LOAD ./Drivers/STM32F3xx_HAL_Driver/Src/stm32f3xx_hal_uart_ex.o
START GROUP
LOAD C:/ST/STM32CubeIDE_2.0.0/STM32CubeIDE/plugins/com.st.stm32cube.ide.mcu.externaltools.gnu-tools-for-stm32.13.3.rel1.win32_1.0.100.202509120712/tools/bin/../lib/gcc/arm-none-eabi/13.3.1/../../../../arm-none-eabi/lib/thumb/v7e-m+fp/hard\libc_nano.a
LOAD C:/ST/STM32CubeIDE_2.0.0/STM32CubeIDE/plugins/com.st.stm32cube.ide.mcu.externaltools.gnu-tools-for-stm32.13.3.rel1.win32_1.0.100.202509120712/tools/bin/../lib/gcc/arm-none-eabi/13.3.1/../../../../arm-none-eabi/lib/thumb/v7e-m+fp/hard\libm.a
END GROUP
START GROUP
LOAD C:/ST/STM32CubeIDE_2.0.0/STM32CubeIDE/plugins/com.st.stm32cube.ide.mcu.externaltools.gnu-tools-for-stm32.13.3.rel1.win32_1.0.100.202509120712/tools/bin/../lib/gcc/arm-none-eabi/13.3.1/thumb/v7e-m+fp/hard\libgcc.a
LOAD C:/ST/STM32CubeIDE_2.0.0/STM32CubeIDE/plugins/com.st.stm32cube.ide.mcu.externaltools.gnu-tools-for-stm32.13.3.rel1.win32_1.0.100.202509120712/tools/bin/../lib/gcc/arm-none-eabi/13.3.1/../../../../arm-none-eabi/lib/thumb/v7e-m+fp/hard\libc_nano.a
END GROUP
START GROUP
LOAD C:/ST/STM32CubeIDE_2.0.0/STM32CubeIDE/plugins/com.st.stm32cube.ide.mcu.externaltools.gnu-tools-for-stm32.13.3.rel1.win32_1.0.100.202509120712/tools/bin/../lib/gcc/arm-none-eabi/13.3.1/thumb/v7e-m+fp/hard\libgcc.a
LOAD C:/ST/STM32CubeIDE_2.0.0/STM32CubeIDE/plugins/com.st.stm32cube.ide.mcu.externaltools.gnu-tools-for-stm32.13.3.rel1.win32_1.0.100.202509120712/tools/bin/../lib/gcc/arm-none-eabi/13.3.1/../../../../arm-none-eabi/lib/thumb/v7e-m+fp/hard\libc_nano.a
LOAD C:/ST/STM32CubeIDE_2.0.0/STM32CubeIDE/plugins/com.st.stm32cube.ide.mcu.externaltools.gnu-tools-for-stm32.13.3.rel1.win32_1.0.100.202509120712/tools/bin/../lib/gcc/arm-none-eabi/13.3.1/../../../../arm-none-eabi/lib/thumb/v7e-m+fp/hard\libnosys.a
END GROUP
START GROUP
LOAD C:/ST/STM32CubeIDE_2.0.0/STM32CubeIDE/plugins/com.st.stm32cube.ide.mcu.externaltools.gnu-tools-for-stm32.13.3.rel1.win32_1.0.100.202509120712/tools/bin/../lib/gcc/arm-none-eabi/13.3.1/thumb/v7e-m+fp/hard\libgcc.a
LOAD C:/ST/STM32CubeIDE_2.0.0/STM32CubeIDE/plugins/com.st.stm32cube.ide.mcu.externaltools.gnu-tools-for-stm32.13.3.rel1.win32_1.0.100.202509120712/tools/bin/../lib/gcc/arm-none-eabi/13.3.1/../../../../arm-none-eabi/lib/thumb/v7e-m+fp/hard\libc_nano.a
LOAD C:/ST/STM32CubeIDE_2.0.0/STM32CubeIDE/plugins/com.st.stm32cube.ide.mcu.externaltools.gnu-tools-for-stm32.13.3.rel1.win32_1.0.100.202509120712/tools/bin/../lib/gcc/arm-none-eabi/13.3.1/../../../../arm-none-eabi/lib/thumb/v7e-m+fp/hard\libnosys.a
END GROUP
LOAD C:/ST/STM32CubeIDE_2.0.0/STM32CubeIDE/plugins/com.st.stm32cube.ide.mcu.externaltools.gnu-tools-for-stm32.13.3.rel1.win32_1.0.100.202509120712/tools/bin/../lib/gcc/arm-none-eabi/13.3.1/thumb/v7e-m+fp/hard/crtend.o
LOAD C:/ST/STM32CubeIDE_2.0.0/STM32CubeIDE/plugins/com.st.stm32cube.ide.mcu.externaltools.gnu-tools-for-stm32.13.3.rel1.win32_1.0.100.202509120712/tools/bin/../lib/gcc/arm-none-eabi/13.3.1/thumb/v7e-m+fp/hard/crtn.o
                0x20010000                        _estack = (ORIGIN (RAM) + LENGTH (RAM))
                0x00000200                        _Min_Heap_Size = 0x200
                0x00000400                        _Min_Stack_Size = 0x400

.isr_vector     0x08000000      0x194
                0x08000000                        . = ALIGN (0x4)
 *(.isr_vector)
 .isr_vector    0x08000000      0x194 ./Core/Startup/startup_stm32f303retx.o
                0x08000000                g_pfnVectors
                0x08000194                        . = ALIGN (0x4)

.text           0x080001a0     0x5464
                0x080001a0                        . = ALIGN (0x4)
 *(.text)
 .text          0x080001a0       0x40 C:/ST/STM32CubeIDE_2.0.0/STM32CubeIDE/plugins/com.st.stm32cube.ide.mcu.externaltools.gnu-tools-for-stm32.13.3.rel1.win32_1.0.100.202509120712/tools/bin/../lib/gcc/arm-none-eabi/13.3.1/thumb/v7e-m+fp/hard/crtbegin.o
 .text          0x080001e0       0xa0 C:/ST/STM32CubeIDE_2.0.0/STM32CubeIDE/plugins/com.st.stm32cube.ide.mcu.externaltools.gnu-tools-for-stm32.13.3.rel1.win32_1.0.100.202509120712/tools/bin/../lib/gcc/arm-none-eabi/13.3.1/../../../../arm-none-eabi/lib/thumb/v7e-m+fp/hard\libc_nano.a(libc_a-memchr.o)
                0x080001e0                memchr
 .text          0x08000280      0x378 C:/ST/STM32CubeIDE_2.0.0/STM32CubeIDE/plugins/com.st.stm32cube.ide.mcu.externaltools.gnu-tools-for-stm32.13.3.rel1.win32_1.0.100.202509120712/tools/bin/../lib/gcc/arm-none-eabi/13.3.1/thumb/v7e-m+fp/hard\libgcc.a(_arm_addsubdf3.o)
                0x08000280                __aeabi_drsub
                0x08000288                __aeabi_dsub
                0x08000288                __subdf3
                0x0800028c                __aeabi_dadd
                0x0800028c                __adddf3
                0x08000504                __floatunsidf
                0x08000504                __aeabi_ui2d
                0x08000524                __floatsidf
                0x08000524                __aeabi_i2d
                0x08000548                __aeabi_f2d
                0x08000548                __extendsfdf2
                0x0800058c                __floatundidf
                0x0800058c                __aeabi_ul2d
                0x0800059c                __floatdidf
                0x0800059c                __aeabi_l2d
 .text          0x080005f8      0x424 C:/ST/STM32CubeIDE_2.0.0/STM32CubeIDE/plugins/com.st.stm32cube.ide.mcu.externaltools.gnu-tools-for-stm32.13.3.rel1.win32_1.0.100.202509120712/tools/bin/../lib/gcc/arm-none-eabi/13.3.1/thumb/v7e-m+fp/hard\libgcc.a(_arm_muldivdf3.o)
                0x080005f8                __aeabi_dmul
                0x080005f8                __muldf3
                0x0800084c                __divdf3
                0x0800084c                __aeabi_ddiv
 .text          0x08000a1c       0x40 C:/ST/STM32CubeIDE_2.0.0/STM32CubeIDE/plugins/com.st.stm32cube.ide.mcu.externaltools.gnu-tools-for-stm32.13.3.rel1.win32_1.0.100.202509120712/tools/bin/../lib/gcc/arm-none-eabi/13.3.1/thumb/v7e-m+fp/hard\libgcc.a(_arm_fixunsdfsi.o)
                0x08000a1c                __aeabi_d2uiz
                0x08000a1c                __fixunsdfsi
 *(.text*)
 *fill*         0x08000a5c        0x4 
 .text.main     0x08000a60      0x134 ./Core/Src/main.o
                0x08000a60                main
 .text.SystemClock_Config
                0x08000b94       0xc4 ./Core/Src/main.o
                0x08000b94                SystemClock_Config
 .text.MX_TIM3_Init
                0x08000c58      0x100 ./Core/Src/main.o
 .text.MX_USART2_UART_Init
                0x08000d58       0x60 ./Core/Src/main.o
 .text.MX_GPIO_Init
                0x08000db8      0x120 ./Core/Src/main.o
 .text.speelNoot
                0x08000ed8       0xa0 ./Core/Src/main.o
                0x08000ed8                speelNoot
 .text.Error_Handler
                0x08000f78        0xc ./Core/Src/main.o
                0x08000f78                Error_Handler
 .text.HAL_MspInit
                0x08000f84       0x48 ./Core/Src/stm32f3xx_hal_msp.o
                0x08000f84                HAL_MspInit
 .text.HAL_TIM_Base_MspInit
                0x08000fcc       0x40 ./Core/Src/stm32f3xx_hal_msp.o
                0x08000fcc                HAL_TIM_Base_MspInit
 .text.HAL_TIM_MspPostInit
                0x0800100c       0x6c ./Core/Src/stm32f3xx_hal_msp.o
                0x0800100c                HAL_TIM_MspPostInit
 .text.HAL_UART_MspInit
                0x08001078       0x84 ./Core/Src/stm32f3xx_hal_msp.o
                0x08001078                HAL_UART_MspInit
 .text.NMI_Handler
                0x080010fc        0x8 ./Core/Src/stm32f3xx_it.o
                0x080010fc                NMI_Handler
 .text.HardFault_Handler
                0x08001104        0x8 ./Core/Src/stm32f3xx_it.o
                0x08001104                HardFault_Handler
 .text.MemManage_Handler
                0x0800110c        0x8 ./Core/Src/stm32f3xx_it.o
                0x0800110c                MemManage_Handler
 .text.BusFault_Handler
                0x08001114        0x8 ./Core/Src/stm32f3xx_it.o
                0x08001114                BusFault_Handler
 .text.UsageFault_Handler
                0x0800111c        0x8 ./Core/Src/stm32f3xx_it.o
                0x0800111c                UsageFault_Handler
 .text.SVC_Handler
                0x08001124        0xe ./Core/Src/stm32f3xx_it.o
                0x08001124                SVC_Handler
 .text.DebugMon_Handler
                0x08001132        0xe ./Core/Src/stm32f3xx_it.o
                0x08001132                DebugMon_Handler
 .text.PendSV_Handler
                0x08001140        0xe ./Core/Src/stm32f3xx_it.o
                0x08001140                PendSV_Handler
 .text.SysTick_Handler
                0x0800114e        0xc ./Core/Src/stm32f3xx_it.o
                0x0800114e                SysTick_Handler
 *fill*         0x0800115a        0x2 
 .text._sbrk    0x0800115c       0x6c ./Core/Src/sysmem.o
                0x0800115c                _sbrk
 .text.SystemInit
                0x080011c8       0x24 ./Core/Src/system_stm32f3xx.o
                0x080011c8                SystemInit
 .text.Reset_Handler
                0x080011ec       0x50 ./Core/Startup/startup_stm32f303retx.o
                0x080011ec                Reset_Handler
 .text.Default_Handler
                0x0800123c        0x2 ./Core/Startup/startup_stm32f303retx.o
                0x0800123c                RTC_Alarm_IRQHandler
                0x0800123c                TIM8_TRG_COM_IRQHandler
                0x0800123c                TIM8_CC_IRQHandler
                0x0800123c                SPI4_IRQHandler
                0x0800123c                TIM1_CC_IRQHandler
                0x0800123c                USB_HP_IRQHandler
                0x0800123c                PVD_IRQHandler
                0x0800123c                TAMP_STAMP_IRQHandler
                0x0800123c                EXTI3_IRQHandler
                0x0800123c                I2C3_ER_IRQHandler
                0x0800123c                USB_HP_CAN_TX_IRQHandler
                0x0800123c                EXTI0_IRQHandler
                0x0800123c                I2C2_EV_IRQHandler
                0x0800123c                FPU_IRQHandler
                0x0800123c                TIM1_UP_TIM16_IRQHandler
                0x0800123c                ADC1_2_IRQHandler
                0x0800123c                SPI1_IRQHandler
                0x0800123c                CAN_SCE_IRQHandler
                0x0800123c                TIM6_DAC_IRQHandler
                0x0800123c                TIM8_UP_IRQHandler
                0x0800123c                DMA2_Channel2_IRQHandler
                0x0800123c                DMA1_Channel4_IRQHandler
                0x0800123c                TIM20_TRG_COM_IRQHandler
                0x0800123c                USART3_IRQHandler
                0x0800123c                DMA1_Channel7_IRQHandler
                0x0800123c                UART5_IRQHandler
                0x0800123c                ADC3_IRQHandler
                0x0800123c                TIM4_IRQHandler
                0x0800123c                CAN_RX1_IRQHandler
                0x0800123c                DMA2_Channel1_IRQHandler
                0x0800123c                I2C1_EV_IRQHandler
                0x0800123c                DMA1_Channel6_IRQHandler
                0x0800123c                UART4_IRQHandler
                0x0800123c                DMA2_Channel4_IRQHandler
                0x0800123c                TIM3_IRQHandler
                0x0800123c                RCC_IRQHandler
                0x0800123c                TIM20_UP_IRQHandler
                0x0800123c                DMA1_Channel1_IRQHandler
                0x0800123c                Default_Handler
                0x0800123c                USBWakeUp_RMP_IRQHandler
                0x0800123c                EXTI15_10_IRQHandler
                0x0800123c                TIM7_IRQHandler
                0x0800123c                I2C3_EV_IRQHandler
                0x0800123c                EXTI9_5_IRQHandler
                0x0800123c                RTC_WKUP_IRQHandler
                0x0800123c                SPI2_IRQHandler
                0x0800123c                USB_LP_CAN_RX0_IRQHandler
                0x0800123c                DMA2_Channel5_IRQHandler
                0x0800123c                DMA1_Channel5_IRQHandler
                0x0800123c                USB_LP_IRQHandler
                0x0800123c                EXTI4_IRQHandler
                0x0800123c                TIM1_TRG_COM_TIM17_IRQHandler
                0x0800123c                DMA1_Channel3_IRQHandler
                0x0800123c                ADC4_IRQHandler
                0x0800123c                WWDG_IRQHandler
                0x0800123c                TIM2_IRQHandler
                0x0800123c                COMP7_IRQHandler
                0x0800123c                COMP1_2_3_IRQHandler
                0x0800123c                EXTI1_IRQHandler
                0x0800123c                USART2_IRQHandler
                0x0800123c                COMP4_5_6_IRQHandler
                0x0800123c                TIM20_BRK_IRQHandler
                0x0800123c                I2C2_ER_IRQHandler
                0x0800123c                DMA1_Channel2_IRQHandler
                0x0800123c                TIM8_BRK_IRQHandler
                0x0800123c                FLASH_IRQHandler
                0x0800123c                TIM20_CC_IRQHandler
                0x0800123c                USART1_IRQHandler
                0x0800123c                SPI3_IRQHandler
                0x0800123c                I2C1_ER_IRQHandler
                0x0800123c                FMC_IRQHandler
                0x0800123c                USBWakeUp_IRQHandler
                0x0800123c                DMA2_Channel3_IRQHandler
                0x0800123c                EXTI2_TSC_IRQHandler
                0x0800123c                TIM1_BRK_TIM15_IRQHandler
 *fill*         0x0800123e        0x2 
 .text.HAL_Init
                0x08001240       0x2c ./Drivers/STM32F3xx_HAL_Driver/Src/stm32f3xx_hal.o
                0x08001240                HAL_Init
 .text.HAL_InitTick
                0x0800126c       0x60 ./Drivers/STM32F3xx_HAL_Driver/Src/stm32f3xx_hal.o
                0x0800126c                HAL_InitTick
 .text.HAL_IncTick
                0x080012cc       0x28 ./Drivers/STM32F3xx_HAL_Driver/Src/stm32f3xx_hal.o
                0x080012cc                HAL_IncTick
 .text.HAL_GetTick
                0x080012f4       0x18 ./Drivers/STM32F3xx_HAL_Driver/Src/stm32f3xx_hal.o
                0x080012f4                HAL_GetTick
 .text.HAL_Delay
                0x0800130c       0x48 ./Drivers/STM32F3xx_HAL_Driver/Src/stm32f3xx_hal.o
                0x0800130c                HAL_Delay
 .text.__NVIC_SetPriorityGrouping
                0x08001354       0x48 ./Drivers/STM32F3xx_HAL_Driver/Src/stm32f3xx_hal_cortex.o
 .text.__NVIC_GetPriorityGrouping
                0x0800139c       0x1c ./Drivers/STM32F3xx_HAL_Driver/Src/stm32f3xx_hal_cortex.o
 .text.__NVIC_SetPriority
                0x080013b8       0x54 ./Drivers/STM32F3xx_HAL_Driver/Src/stm32f3xx_hal_cortex.o
 .text.NVIC_EncodePriority
                0x0800140c       0x66 ./Drivers/STM32F3xx_HAL_Driver/Src/stm32f3xx_hal_cortex.o
 *fill*         0x08001472        0x2 
 .text.SysTick_Config
                0x08001474       0x44 ./Drivers/STM32F3xx_HAL_Driver/Src/stm32f3xx_hal_cortex.o
 .text.HAL_NVIC_SetPriorityGrouping
                0x080014b8       0x16 ./Drivers/STM32F3xx_HAL_Driver/Src/stm32f3xx_hal_cortex.o
                0x080014b8                HAL_NVIC_SetPriorityGrouping
 .text.HAL_NVIC_SetPriority
                0x080014ce       0x38 ./Drivers/STM32F3xx_HAL_Driver/Src/stm32f3xx_hal_cortex.o
                0x080014ce                HAL_NVIC_SetPriority
 .text.HAL_SYSTICK_Config
                0x08001506       0x18 ./Drivers/STM32F3xx_HAL_Driver/Src/stm32f3xx_hal_cortex.o
                0x08001506                HAL_SYSTICK_Config
 *fill*         0x0800151e        0x2 
 .text.HAL_GPIO_Init
                0x08001520      0x314 ./Drivers/STM32F3xx_HAL_Driver/Src/stm32f3xx_hal_gpio.o
                0x08001520                HAL_GPIO_Init
 .text.HAL_GPIO_WritePin
                0x08001834       0x30 ./Drivers/STM32F3xx_HAL_Driver/Src/stm32f3xx_hal_gpio.o
                0x08001834                HAL_GPIO_WritePin
 .text.HAL_RCC_OscConfig
                0x08001864     0x1048 ./Drivers/STM32F3xx_HAL_Driver/Src/stm32f3xx_hal_rcc.o
                0x08001864                HAL_RCC_OscConfig
 .text.HAL_RCC_ClockConfig
                0x080028ac      0x2dc ./Drivers/STM32F3xx_HAL_Driver/Src/stm32f3xx_hal_rcc.o
                0x080028ac                HAL_RCC_ClockConfig
 .text.HAL_RCC_GetSysClockFreq
                0x08002b88       0xa8 ./Drivers/STM32F3xx_HAL_Driver/Src/stm32f3xx_hal_rcc.o
                0x08002b88                HAL_RCC_GetSysClockFreq
 .text.HAL_RCC_GetHCLKFreq
                0x08002c30       0x18 ./Drivers/STM32F3xx_HAL_Driver/Src/stm32f3xx_hal_rcc.o
                0x08002c30                HAL_RCC_GetHCLKFreq
 .text.HAL_RCC_GetPCLK1Freq
                0x08002c48       0x44 ./Drivers/STM32F3xx_HAL_Driver/Src/stm32f3xx_hal_rcc.o
                0x08002c48                HAL_RCC_GetPCLK1Freq
 .text.HAL_RCC_GetPCLK2Freq
                0x08002c8c       0x44 ./Drivers/STM32F3xx_HAL_Driver/Src/stm32f3xx_hal_rcc.o
                0x08002c8c                HAL_RCC_GetPCLK2Freq
 .text.HAL_RCCEx_PeriphCLKConfig
                0x08002cd0      0x438 ./Drivers/STM32F3xx_HAL_Driver/Src/stm32f3xx_hal_rcc_ex.o
                0x08002cd0                HAL_RCCEx_PeriphCLKConfig
 .text.HAL_TIM_Base_Init
                0x08003108       0xae ./Drivers/STM32F3xx_HAL_Driver/Src/stm32f3xx_hal_tim.o
                0x08003108                HAL_TIM_Base_Init
 *fill*         0x080031b6        0x2 
 .text.HAL_TIM_Base_Start
                0x080031b8       0xd0 ./Drivers/STM32F3xx_HAL_Driver/Src/stm32f3xx_hal_tim.o
                0x080031b8                HAL_TIM_Base_Start
 .text.HAL_TIM_OC_Init
                0x08003288       0xae ./Drivers/STM32F3xx_HAL_Driver/Src/stm32f3xx_hal_tim.o
                0x08003288                HAL_TIM_OC_Init
 .text.HAL_TIM_OC_MspInit
                0x08003336       0x14 ./Drivers/STM32F3xx_HAL_Driver/Src/stm32f3xx_hal_tim.o
                0x08003336                HAL_TIM_OC_MspInit
 *fill*         0x0800334a        0x2 
 .text.HAL_TIM_OC_Start
                0x0800334c      0x218 ./Drivers/STM32F3xx_HAL_Driver/Src/stm32f3xx_hal_tim.o
                0x0800334c                HAL_TIM_OC_Start
 .text.HAL_TIM_OC_Stop
                0x08003564      0x138 ./Drivers/STM32F3xx_HAL_Driver/Src/stm32f3xx_hal_tim.o
                0x08003564                HAL_TIM_OC_Stop
 .text.HAL_TIM_OC_ConfigChannel
                0x0800369c       0xf4 ./Drivers/STM32F3xx_HAL_Driver/Src/stm32f3xx_hal_tim.o
                0x0800369c                HAL_TIM_OC_ConfigChannel
 .text.HAL_TIM_ConfigClockSource
                0x08003790      0x192 ./Drivers/STM32F3xx_HAL_Driver/Src/stm32f3xx_hal_tim.o
                0x08003790                HAL_TIM_ConfigClockSource
 *fill*         0x08003922        0x2 
 .text.TIM_Base_SetConfig
                0x08003924      0x154 ./Drivers/STM32F3xx_HAL_Driver/Src/stm32f3xx_hal_tim.o
                0x08003924                TIM_Base_SetConfig
 .text.TIM_OC1_SetConfig
                0x08003a78      0x134 ./Drivers/STM32F3xx_HAL_Driver/Src/stm32f3xx_hal_tim.o
 .text.TIM_OC2_SetConfig
                0x08003bac      0x128 ./Drivers/STM32F3xx_HAL_Driver/Src/stm32f3xx_hal_tim.o
                0x08003bac                TIM_OC2_SetConfig
 .text.TIM_OC3_SetConfig
                0x08003cd4      0x124 ./Drivers/STM32F3xx_HAL_Driver/Src/stm32f3xx_hal_tim.o
 .text.TIM_OC4_SetConfig
                0x08003df8       0xe0 ./Drivers/STM32F3xx_HAL_Driver/Src/stm32f3xx_hal_tim.o
 .text.TIM_OC5_SetConfig
                0x08003ed8       0xd4 ./Drivers/STM32F3xx_HAL_Driver/Src/stm32f3xx_hal_tim.o
 .text.TIM_OC6_SetConfig
                0x08003fac       0xd8 ./Drivers/STM32F3xx_HAL_Driver/Src/stm32f3xx_hal_tim.o
 .text.TIM_TI1_ConfigInputStage
                0x08004084       0x5e ./Drivers/STM32F3xx_HAL_Driver/Src/stm32f3xx_hal_tim.o
 .text.TIM_TI2_ConfigInputStage
                0x080040e2       0x60 ./Drivers/STM32F3xx_HAL_Driver/Src/stm32f3xx_hal_tim.o
 .text.TIM_ITRx_SetConfig
                0x08004142       0x36 ./Drivers/STM32F3xx_HAL_Driver/Src/stm32f3xx_hal_tim.o
 .text.TIM_ETR_SetConfig
                0x08004178       0x40 ./Drivers/STM32F3xx_HAL_Driver/Src/stm32f3xx_hal_tim.o
                0x08004178                TIM_ETR_SetConfig
 .text.TIM_CCxChannelCmd
                0x080041b8       0x4a ./Drivers/STM32F3xx_HAL_Driver/Src/stm32f3xx_hal_tim.o
                0x080041b8                TIM_CCxChannelCmd
 *fill*         0x08004202        0x2 
 .text.HAL_TIMEx_MasterConfigSynchronization
                0x08004204      0x118 ./Drivers/STM32F3xx_HAL_Driver/Src/stm32f3xx_hal_tim_ex.o
                0x08004204                HAL_TIMEx_MasterConfigSynchronization
 .text.HAL_UART_Init
                0x0800431c       0x9c ./Drivers/STM32F3xx_HAL_Driver/Src/stm32f3xx_hal_uart.o
                0x0800431c                HAL_UART_Init
 .text.HAL_UART_Transmit
                0x080043b8      0x112 ./Drivers/STM32F3xx_HAL_Driver/Src/stm32f3xx_hal_uart.o
                0x080043b8                HAL_UART_Transmit
 *fill*         0x080044ca        0x2 
 .text.UART_SetConfig
                0x080044cc      0x3a8 ./Drivers/STM32F3xx_HAL_Driver/Src/stm32f3xx_hal_uart.o
                0x080044cc                UART_SetConfig
 .text.UART_AdvFeatureConfig
                0x08004874      0x144 ./Drivers/STM32F3xx_HAL_Driver/Src/stm32f3xx_hal_uart.o
                0x08004874                UART_AdvFeatureConfig
 .text.UART_CheckIdleState
                0x080049b8      0x150 ./Drivers/STM32F3xx_HAL_Driver/Src/stm32f3xx_hal_uart.o
                0x080049b8                UART_CheckIdleState
 .text.UART_WaitOnFlagUntilTimeout
                0x08004b08       0xda ./Drivers/STM32F3xx_HAL_Driver/Src/stm32f3xx_hal_uart.o
                0x08004b08                UART_WaitOnFlagUntilTimeout
 .text.UART_EndRxTransfer
                0x08004be2       0xc8 ./Drivers/STM32F3xx_HAL_Driver/Src/stm32f3xx_hal_uart.o
 *fill*         0x08004caa        0x2 
 .text.sprintf  0x08004cac       0x44 C:/ST/STM32CubeIDE_2.0.0/STM32CubeIDE/plugins/com.st.stm32cube.ide.mcu.externaltools.gnu-tools-for-stm32.13.3.rel1.win32_1.0.100.202509120712/tools/bin/../lib/gcc/arm-none-eabi/13.3.1/../../../../arm-none-eabi/lib/thumb/v7e-m+fp/hard\libc_nano.a(libc_a-sprintf.o)
                0x08004cac                siprintf
                0x08004cac                sprintf
 .text.memset   0x08004cf0       0x10 C:/ST/STM32CubeIDE_2.0.0/STM32CubeIDE/plugins/com.st.stm32cube.ide.mcu.externaltools.gnu-tools-for-stm32.13.3.rel1.win32_1.0.100.202509120712/tools/bin/../lib/gcc/arm-none-eabi/13.3.1/../../../../arm-none-eabi/lib/thumb/v7e-m+fp/hard\libc_nano.a(libc_a-memset.o)
                0x08004cf0                memset
 .text.__errno  0x08004d00        0xc C:/ST/STM32CubeIDE_2.0.0/STM32CubeIDE/plugins/com.st.stm32cube.ide.mcu.externaltools.gnu-tools-for-stm32.13.3.rel1.win32_1.0.100.202509120712/tools/bin/../lib/gcc/arm-none-eabi/13.3.1/../../../../arm-none-eabi/lib/thumb/v7e-m+fp/hard\libc_nano.a(libc_a-errno.o)
                0x08004d00                __errno
 .text.__libc_init_array
                0x08004d0c       0x48 C:/ST/STM32CubeIDE_2.0.0/STM32CubeIDE/plugins/com.st.stm32cube.ide.mcu.externaltools.gnu-tools-for-stm32.13.3.rel1.win32_1.0.100.202509120712/tools/bin/../lib/gcc/arm-none-eabi/13.3.1/../../../../arm-none-eabi/lib/thumb/v7e-m+fp/hard\libc_nano.a(libc_a-init.o)
                0x08004d0c                __libc_init_array
 .text.__retarget_lock_acquire_recursive
                0x08004d54        0x2 C:/ST/STM32CubeIDE_2.0.0/STM32CubeIDE/plugins/com.st.stm32cube.ide.mcu.externaltools.gnu-tools-for-stm32.13.3.rel1.win32_1.0.100.202509120712/tools/bin/../lib/gcc/arm-none-eabi/13.3.1/../../../../arm-none-eabi/lib/thumb/v7e-m+fp/hard\libc_nano.a(libc_a-lock.o)
                0x08004d54                __retarget_lock_acquire_recursive
 .text.__retarget_lock_release_recursive
                0x08004d56        0x2 C:/ST/STM32CubeIDE_2.0.0/STM32CubeIDE/plugins/com.st.stm32cube.ide.mcu.externaltools.gnu-tools-for-stm32.13.3.rel1.win32_1.0.100.202509120712/tools/bin/../lib/gcc/arm-none-eabi/13.3.1/../../../../arm-none-eabi/lib/thumb/v7e-m+fp/hard\libc_nano.a(libc_a-lock.o)
                0x08004d56                __retarget_lock_release_recursive
 .text._free_r  0x08004d58       0x94 C:/ST/STM32CubeIDE_2.0.0/STM32CubeIDE/plugins/com.st.stm32cube.ide.mcu.externaltools.gnu-tools-for-stm32.13.3.rel1.win32_1.0.100.202509120712/tools/bin/../lib/gcc/arm-none-eabi/13.3.1/../../../../arm-none-eabi/lib/thumb/v7e-m+fp/hard\libc_nano.a(libc_a-freer.o)
                0x08004d58                _free_r
 .text.sbrk_aligned
                0x08004dec       0x44 C:/ST/STM32CubeIDE_2.0.0/STM32CubeIDE/plugins/com.st.stm32cube.ide.mcu.externaltools.gnu-tools-for-stm32.13.3.rel1.win32_1.0.100.202509120712/tools/bin/../lib/gcc/arm-none-eabi/13.3.1/../../../../arm-none-eabi/lib/thumb/v7e-m+fp/hard\libc_nano.a(libc_a-mallocr.o)
 .text._malloc_r
                0x08004e30      0x100 C:/ST/STM32CubeIDE_2.0.0/STM32CubeIDE/plugins/com.st.stm32cube.ide.mcu.externaltools.gnu-tools-for-stm32.13.3.rel1.win32_1.0.100.202509120712/tools/bin/../lib/gcc/arm-none-eabi/13.3.1/../../../../arm-none-eabi/lib/thumb/v7e-m+fp/hard\libc_nano.a(libc_a-mallocr.o)
                0x08004e30                _malloc_r
 .text.__malloc_lock
                0x08004f30        0xc C:/ST/STM32CubeIDE_2.0.0/STM32CubeIDE/plugins/com.st.stm32cube.ide.mcu.externaltools.gnu-tools-for-stm32.13.3.rel1.win32_1.0.100.202509120712/tools/bin/../lib/gcc/arm-none-eabi/13.3.1/../../../../arm-none-eabi/lib/thumb/v7e-m+fp/hard\libc_nano.a(libc_a-mlock.o)
                0x08004f30                __malloc_lock
 .text.__malloc_unlock
                0x08004f3c        0xc C:/ST/STM32CubeIDE_2.0.0/STM32CubeIDE/plugins/com.st.stm32cube.ide.mcu.externaltools.gnu-tools-for-stm32.13.3.rel1.win32_1.0.100.202509120712/tools/bin/../lib/gcc/arm-none-eabi/13.3.1/../../../../arm-none-eabi/lib/thumb/v7e-m+fp/hard\libc_nano.a(libc_a-mlock.o)
                0x08004f3c                __malloc_unlock
 .text.__ssputs_r
                0x08004f48       0xb6 C:/ST/STM32CubeIDE_2.0.0/STM32CubeIDE/plugins/com.st.stm32cube.ide.mcu.externaltools.gnu-tools-for-stm32.13.3.rel1.win32_1.0.100.202509120712/tools/bin/../lib/gcc/arm-none-eabi/13.3.1/../../../../arm-none-eabi/lib/thumb/v7e-m+fp/hard\libc_nano.a(libc_a-nano-svfprintf.o)
                0x08004f48                __ssputs_r
 *fill*         0x08004ffe        0x2 
 .text._svfprintf_r
                0x08005000      0x1f8 C:/ST/STM32CubeIDE_2.0.0/STM32CubeIDE/plugins/com.st.stm32cube.ide.mcu.externaltools.gnu-tools-for-stm32.13.3.rel1.win32_1.0.100.202509120712/tools/bin/../lib/gcc/arm-none-eabi/13.3.1/../../../../arm-none-eabi/lib/thumb/v7e-m+fp/hard\libc_nano.a(libc_a-nano-svfprintf.o)
                0x08005000                _svfiprintf_r
                0x08005000                _svfprintf_r
 .text._printf_common
                0x080051f8       0xda C:/ST/STM32CubeIDE_2.0.0/STM32CubeIDE/plugins/com.st.stm32cube.ide.mcu.externaltools.gnu-tools-for-stm32.13.3.rel1.win32_1.0.100.202509120712/tools/bin/../lib/gcc/arm-none-eabi/13.3.1/../../../../arm-none-eabi/lib/thumb/v7e-m+fp/hard\libc_nano.a(libc_a-nano-vfprintf_i.o)
                0x080051f8                _printf_common
 *fill*         0x080052d2        0x2 
 .text._printf_i
                0x080052d4      0x23c C:/ST/STM32CubeIDE_2.0.0/STM32CubeIDE/plugins/com.st.stm32cube.ide.mcu.externaltools.gnu-tools-for-stm32.13.3.rel1.win32_1.0.100.202509120712/tools/bin/../lib/gcc/arm-none-eabi/13.3.1/../../../../arm-none-eabi/lib/thumb/v7e-m+fp/hard\libc_nano.a(libc_a-nano-vfprintf_i.o)
                0x080052d4                _printf_i
 .text.memmove  0x08005510       0x34 C:/ST/STM32CubeIDE_2.0.0/STM32CubeIDE/plugins/com.st.stm32cube.ide.mcu.externaltools.gnu-tools-for-stm32.13.3.rel1.win32_1.0.100.202509120712/tools/bin/../lib/gcc/arm-none-eabi/13.3.1/../../../../arm-none-eabi/lib/thumb/v7e-m+fp/hard\libc_nano.a(libc_a-memmove.o)
                0x08005510                memmove
 .text._sbrk_r  0x08005544       0x20 C:/ST/STM32CubeIDE_2.0.0/STM32CubeIDE/plugins/com.st.stm32cube.ide.mcu.externaltools.gnu-tools-for-stm32.13.3.rel1.win32_1.0.100.202509120712/tools/bin/../lib/gcc/arm-none-eabi/13.3.1/../../../../arm-none-eabi/lib/thumb/v7e-m+fp/hard\libc_nano.a(libc_a-sbrkr.o)
                0x08005544                _sbrk_r
 .text.memcpy   0x08005564       0x1c C:/ST/STM32CubeIDE_2.0.0/STM32CubeIDE/plugins/com.st.stm32cube.ide.mcu.externaltools.gnu-tools-for-stm32.13.3.rel1.win32_1.0.100.202509120712/tools/bin/../lib/gcc/arm-none-eabi/13.3.1/../../../../arm-none-eabi/lib/thumb/v7e-m+fp/hard\libc_nano.a(libc_a-memcpy-stub.o)
                0x08005564                memcpy
 .text._realloc_r
                0x08005580       0x5c C:/ST/STM32CubeIDE_2.0.0/STM32CubeIDE/plugins/com.st.stm32cube.ide.mcu.externaltools.gnu-tools-for-stm32.13.3.rel1.win32_1.0.100.202509120712/tools/bin/../lib/gcc/arm-none-eabi/13.3.1/../../../../arm-none-eabi/lib/thumb/v7e-m+fp/hard\libc_nano.a(libc_a-reallocr.o)
                0x08005580                _realloc_r
 .text._malloc_usable_size_r
                0x080055dc       0x10 C:/ST/STM32CubeIDE_2.0.0/STM32CubeIDE/plugins/com.st.stm32cube.ide.mcu.externaltools.gnu-tools-for-stm32.13.3.rel1.win32_1.0.100.202509120712/tools/bin/../lib/gcc/arm-none-eabi/13.3.1/../../../../arm-none-eabi/lib/thumb/v7e-m+fp/hard\libc_nano.a(libc_a-msizer.o)
                0x080055dc                _malloc_usable_size_r
 *(.glue_7)
 .glue_7        0x080055ec        0x0 linker stubs
 *(.glue_7t)
 .glue_7t       0x080055ec        0x0 linker stubs
 *(.eh_frame)
 .eh_frame      0x080055ec        0x0 C:/ST/STM32CubeIDE_2.0.0/STM32CubeIDE/plugins/com.st.stm32cube.ide.mcu.externaltools.gnu-tools-for-stm32.13.3.rel1.win32_1.0.100.202509120712/tools/bin/../lib/gcc/arm-none-eabi/13.3.1/thumb/v7e-m+fp/hard/crtbegin.o
 *(.init)
 .init          0x080055ec        0x4 C:/ST/STM32CubeIDE_2.0.0/STM32CubeIDE/plugins/com.st.stm32cube.ide.mcu.externaltools.gnu-tools-for-stm32.13.3.rel1.win32_1.0.100.202509120712/tools/bin/../lib/gcc/arm-none-eabi/13.3.1/thumb/v7e-m+fp/hard/crti.o
                0x080055ec                _init
 .init          0x080055f0        0x8 C:/ST/STM32CubeIDE_2.0.0/STM32CubeIDE/plugins/com.st.stm32cube.ide.mcu.externaltools.gnu-tools-for-stm32.13.3.rel1.win32_1.0.100.202509120712/tools/bin/../lib/gcc/arm-none-eabi/13.3.1/thumb/v7e-m+fp/hard/crtn.o
 *(.fini)
 .fini          0x080055f8        0x4 C:/ST/STM32CubeIDE_2.0.0/STM32CubeIDE/plugins/com.st.stm32cube.ide.mcu.externaltools.gnu-tools-for-stm32.13.3.rel1.win32_1.0.100.202509120712/tools/bin/../lib/gcc/arm-none-eabi/13.3.1/thumb/v7e-m+fp/hard/crti.o
                0x080055f8                _fini
 .fini          0x080055fc        0x8 C:/ST/STM32CubeIDE_2.0.0/STM32CubeIDE/plugins/com.st.stm32cube.ide.mcu.externaltools.gnu-tools-for-stm32.13.3.rel1.win32_1.0.100.202509120712/tools/bin/../lib/gcc/arm-none-eabi/13.3.1/thumb/v7e-m+fp/hard/crtn.o
                0x08005604                        . = ALIGN (0x4)
                0x08005604                        _etext = .

.vfp11_veneer   0x08005604        0x0
 .vfp11_veneer  0x08005604        0x0 linker stubs

.v4_bx          0x08005604        0x0
 .v4_bx         0x08005604        0x0 linker stubs

.iplt           0x08005604        0x0
 .iplt          0x08005604        0x0 C:/ST/STM32CubeIDE_2.0.0/STM32CubeIDE/plugins/com.st.stm32cube.ide.mcu.externaltools.gnu-tools-for-stm32.13.3.rel1.win32_1.0.100.202509120712/tools/bin/../lib/gcc/arm-none-eabi/13.3.1/thumb/v7e-m+fp/hard/crtbegin.o

.rodata         0x08005604       0x80
                0x08005604                        . = ALIGN (0x4)
 *(.rodata)
 .rodata        0x08005604       0x11 ./Core/Src/main.o
 *(.rodata*)
 *fill*         0x08005615        0x3 
 .rodata.AHBPrescTable
                0x08005618       0x10 ./Core/Src/system_stm32f3xx.o
                0x08005618                AHBPrescTable
 .rodata.APBPrescTable
                0x08005628        0x8 ./Core/Src/system_stm32f3xx.o
                0x08005628                APBPrescTable
 .rodata.aPLLMULFactorTable
                0x08005630       0x10 ./Drivers/STM32F3xx_HAL_Driver/Src/stm32f3xx_hal_rcc.o
 .rodata.aPredivFactorTable
                0x08005640       0x10 ./Drivers/STM32F3xx_HAL_Driver/Src/stm32f3xx_hal_rcc.o
 .rodata._svfprintf_r.str1.1
                0x08005650       0x33 C:/ST/STM32CubeIDE_2.0.0/STM32CubeIDE/plugins/com.st.stm32cube.ide.mcu.externaltools.gnu-tools-for-stm32.13.3.rel1.win32_1.0.100.202509120712/tools/bin/../lib/gcc/arm-none-eabi/13.3.1/../../../../arm-none-eabi/lib/thumb/v7e-m+fp/hard\libc_nano.a(libc_a-nano-svfprintf.o)
                                 0x11 (size before relaxing)
 .rodata._printf_i.str1.1
                0x08005683        0x0 C:/ST/STM32CubeIDE_2.0.0/STM32CubeIDE/plugins/com.st.stm32cube.ide.mcu.externaltools.gnu-tools-for-stm32.13.3.rel1.win32_1.0.100.202509120712/tools/bin/../lib/gcc/arm-none-eabi/13.3.1/../../../../arm-none-eabi/lib/thumb/v7e-m+fp/hard\libc_nano.a(libc_a-nano-vfprintf_i.o)
                                 0x22 (size before relaxing)
                0x08005684                        . = ALIGN (0x4)
 *fill*         0x08005683        0x1 

.ARM.extab      0x08005684        0x0
                0x08005684                        . = ALIGN (0x4)
 *(.ARM.extab* .gnu.linkonce.armextab.*)
                0x08005684                        . = ALIGN (0x4)

.ARM            0x08005684        0x8
                0x08005684                        . = ALIGN (0x4)
                0x08005684                        __exidx_start = .
 *(.ARM.exidx*)
 .ARM.exidx     0x08005684        0x8 C:/ST/STM32CubeIDE_2.0.0/STM32CubeIDE/plugins/com.st.stm32cube.ide.mcu.externaltools.gnu-tools-for-stm32.13.3.rel1.win32_1.0.100.202509120712/tools/bin/../lib/gcc/arm-none-eabi/13.3.1/../../../../arm-none-eabi/lib/thumb/v7e-m+fp/hard\libc_nano.a(libc_a-memchr.o)
                0x0800568c                        __exidx_end = .
                0x0800568c                        . = ALIGN (0x4)

.preinit_array  0x0800568c        0x0
                0x0800568c                        . = ALIGN (0x4)
                0x0800568c                        PROVIDE (__preinit_array_start = .)
 *(.preinit_array*)
                0x0800568c                        PROVIDE (__preinit_array_end = .)
                0x0800568c                        . = ALIGN (0x4)

.init_array     0x0800568c        0x4
                0x0800568c                        . = ALIGN (0x4)
                0x0800568c                        PROVIDE (__init_array_start = .)
 *(SORT_BY_NAME(.init_array.*))
 *(.init_array*)
 .init_array    0x0800568c        0x4 C:/ST/STM32CubeIDE_2.0.0/STM32CubeIDE/plugins/com.st.stm32cube.ide.mcu.externaltools.gnu-tools-for-stm32.13.3.rel1.win32_1.0.100.202509120712/tools/bin/../lib/gcc/arm-none-eabi/13.3.1/thumb/v7e-m+fp/hard/crtbegin.o
                0x08005690                        PROVIDE (__init_array_end = .)
                0x08005690                        . = ALIGN (0x4)

.fini_array     0x08005690        0x4
                0x08005690                        . = ALIGN (0x4)
                [!provide]                        PROVIDE (__fini_array_start = .)
 *(SORT_BY_NAME(.fini_array.*))
 *(.fini_array*)
 .fini_array    0x08005690        0x4 C:/ST/STM32CubeIDE_2.0.0/STM32CubeIDE/plugins/com.st.stm32cube.ide.mcu.externaltools.gnu-tools-for-stm32.13.3.rel1.win32_1.0.100.202509120712/tools/bin/../lib/gcc/arm-none-eabi/13.3.1/thumb/v7e-m+fp/hard/crtbegin.o
                [!provide]                        PROVIDE (__fini_array_end = .)
                0x08005694                        . = ALIGN (0x4)
                0x08005694                        _sidata = LOADADDR (.data)

.rel.dyn        0x08005694        0x0
 .rel.iplt      0x08005694        0x0 C:/ST/STM32CubeIDE_2.0.0/STM32CubeIDE/plugins/com.st.stm32cube.ide.mcu.externaltools.gnu-tools-for-stm32.13.3.rel1.win32_1.0.100.202509120712/tools/bin/../lib/gcc/arm-none-eabi/13.3.1/thumb/v7e-m+fp/hard/crtbegin.o

.data           0x20000000       0x60 load address 0x08005694
                0x20000000                        . = ALIGN (0x4)
                0x20000000                        _sdata = .
 *(.data)
 *(.data*)
 .data.arr_waarde
                0x20000000        0x4 ./Core/Src/main.o
                0x20000000                arr_waarde
 .data.SystemCoreClock
                0x20000004        0x4 ./Core/Src/system_stm32f3xx.o
                0x20000004                SystemCoreClock
 .data.uwTickPrio
                0x20000008        0x4 ./Drivers/STM32F3xx_HAL_Driver/Src/stm32f3xx_hal.o
                0x20000008                uwTickPrio
 .data.uwTickFreq
                0x2000000c        0x1 ./Drivers/STM32F3xx_HAL_Driver/Src/stm32f3xx_hal.o
                0x2000000c                uwTickFreq
 *fill*         0x2000000d        0x3 
 .data._impure_ptr
                0x20000010        0x4 C:/ST/STM32CubeIDE_2.0.0/STM32CubeIDE/plugins/com.st.stm32cube.ide.mcu.externaltools.gnu-tools-for-stm32.13.3.rel1.win32_1.0.100.202509120712/tools/bin/../lib/gcc/arm-none-eabi/13.3.1/../../../../arm-none-eabi/lib/thumb/v7e-m+fp/hard\libc_nano.a(libc_a-impure.o)
                0x20000010                _impure_ptr
 .data._impure_data
                0x20000014       0x4c C:/ST/STM32CubeIDE_2.0.0/STM32CubeIDE/plugins/com.st.stm32cube.ide.mcu.externaltools.gnu-tools-for-stm32.13.3.rel1.win32_1.0.100.202509120712/tools/bin/../lib/gcc/arm-none-eabi/13.3.1/../../../../arm-none-eabi/lib/thumb/v7e-m+fp/hard\libc_nano.a(libc_a-impure.o)
                0x20000014                _impure_data
 *(.RamFunc)
 *(.RamFunc*)
                0x20000060                        . = ALIGN (0x4)
                0x20000060                        _edata = .
                0x080056f4                        _siccmram = LOADADDR (.ccmram)

.igot.plt       0x20000060        0x0 load address 0x080056f4
 .igot.plt      0x20000060        0x0 C:/ST/STM32CubeIDE_2.0.0/STM32CubeIDE/plugins/com.st.stm32cube.ide.mcu.externaltools.gnu-tools-for-stm32.13.3.rel1.win32_1.0.100.202509120712/tools/bin/../lib/gcc/arm-none-eabi/13.3.1/thumb/v7e-m+fp/hard/crtbegin.o

.ccmram         0x10000000        0x0 load address 0x080056f4
                0x10000000                        . = ALIGN (0x4)
                0x10000000                        _sccmram = .
 *(.ccmram)
 *(.ccmram*)
                0x10000000                        . = ALIGN (0x4)
                0x10000000                        _eccmram = .
                0x10000000                        . = ALIGN (0x4)

.bss            0x20000060      0x244
                0x20000060                        _sbss = .
                0x20000060                        __bss_start__ = _sbss
 *(.bss)
 .bss           0x20000060       0x1c C:/ST/STM32CubeIDE_2.0.0/STM32CubeIDE/plugins/com.st.stm32cube.ide.mcu.externaltools.gnu-tools-for-stm32.13.3.rel1.win32_1.0.100.202509120712/tools/bin/../lib/gcc/arm-none-eabi/13.3.1/thumb/v7e-m+fp/hard/crtbegin.o
 *(.bss*)
 .bss.htim3     0x2000007c       0x4c ./Core/Src/main.o
                0x2000007c                htim3
 .bss.huart2    0x200000c8       0x88 ./Core/Src/main.o
                0x200000c8                huart2
 .bss.start_muziek
                0x20000150        0x1 ./Core/Src/main.o
                0x20000150                start_muziek
 *fill*         0x20000151        0x3 
 .bss.__sbrk_heap_end
                0x20000154        0x4 ./Core/Src/sysmem.o
 .bss.uwTick    0x20000158        0x4 ./Drivers/STM32F3xx_HAL_Driver/Src/stm32f3xx_hal.o
                0x20000158                uwTick
 .bss.__sf      0x2000015c      0x138 C:/ST/STM32CubeIDE_2.0.0/STM32CubeIDE/plugins/com.st.stm32cube.ide.mcu.externaltools.gnu-tools-for-stm32.13.3.rel1.win32_1.0.100.202509120712/tools/bin/../lib/gcc/arm-none-eabi/13.3.1/../../../../arm-none-eabi/lib/thumb/v7e-m+fp/hard\libc_nano.a(libc_a-findfp.o)
                0x2000015c                __sf
 .bss.errno     0x20000294        0x4 C:/ST/STM32CubeIDE_2.0.0/STM32CubeIDE/plugins/com.st.stm32cube.ide.mcu.externaltools.gnu-tools-for-stm32.13.3.rel1.win32_1.0.100.202509120712/tools/bin/../lib/gcc/arm-none-eabi/13.3.1/../../../../arm-none-eabi/lib/thumb/v7e-m+fp/hard\libc_nano.a(libc_a-reent.o)
                0x20000294                errno
 .bss.__lock___malloc_recursive_mutex
                0x20000298        0x1 C:/ST/STM32CubeIDE_2.0.0/STM32CubeIDE/plugins/com.st.stm32cube.ide.mcu.externaltools.gnu-tools-for-stm32.13.3.rel1.win32_1.0.100.202509120712/tools/bin/../lib/gcc/arm-none-eabi/13.3.1/../../../../arm-none-eabi/lib/thumb/v7e-m+fp/hard\libc_nano.a(libc_a-lock.o)
                0x20000298                __lock___malloc_recursive_mutex
 *fill*         0x20000299        0x3 
 .bss.__malloc_sbrk_start
                0x2000029c        0x4 C:/ST/STM32CubeIDE_2.0.0/STM32CubeIDE/plugins/com.st.stm32cube.ide.mcu.externaltools.gnu-tools-for-stm32.13.3.rel1.win32_1.0.100.202509120712/tools/bin/../lib/gcc/arm-none-eabi/13.3.1/../../../../arm-none-eabi/lib/thumb/v7e-m+fp/hard\libc_nano.a(libc_a-mallocr.o)
                0x2000029c                __malloc_sbrk_start
 .bss.__malloc_free_list
                0x200002a0        0x4 C:/ST/STM32CubeIDE_2.0.0/STM32CubeIDE/plugins/com.st.stm32cube.ide.mcu.externaltools.gnu-tools-for-stm32.13.3.rel1.win32_1.0.100.202509120712/tools/bin/../lib/gcc/arm-none-eabi/13.3.1/../../../../arm-none-eabi/lib/thumb/v7e-m+fp/hard\libc_nano.a(libc_a-mallocr.o)
                0x200002a0                __malloc_free_list
 *(COMMON)
                0x200002a4                        . = ALIGN (0x4)
                0x200002a4                        _ebss = .
                0x200002a4                        __bss_end__ = _ebss

._user_heap_stack
                0x200002a4      0x604
                0x200002a8                        . = ALIGN (0x8)
 *fill*         0x200002a4        0x4 
                [!provide]                        PROVIDE (end = .)
                0x200002a8                        PROVIDE (_end = .)
                0x200004a8                        . = (. + _Min_Heap_Size)
 *fill*         0x200002a8      0x200 
                0x200008a8                        . = (. + _Min_Stack_Size)
 *fill*         0x200004a8      0x400 
                0x200008a8                        . = ALIGN (0x8)

/DISCARD/
 libc.a(*)
 libm.a(*)
 libgcc.a(*)

.ARM.attributes
                0x00000000       0x30
 *(.ARM.attributes)
 .ARM.attributes
                0x00000000       0x22 C:/ST/STM32CubeIDE_2.0.0/STM32CubeIDE/plugins/com.st.stm32cube.ide.mcu.externaltools.gnu-tools-for-stm32.13.3.rel1.win32_1.0.100.202509120712/tools/bin/../lib/gcc/arm-none-eabi/13.3.1/thumb/v7e-m+fp/hard/crti.o
 .ARM.attributes
                0x00000022       0x34 C:/ST/STM32CubeIDE_2.0.0/STM32CubeIDE/plugins/com.st.stm32cube.ide.mcu.externaltools.gnu-tools-for-stm32.13.3.rel1.win32_1.0.100.202509120712/tools/bin/../lib/gcc/arm-none-eabi/13.3.1/thumb/v7e-m+fp/hard/crtbegin.o
 .ARM.attributes
                0x00000056       0x34 ./Core/Src/main.o
 .ARM.attributes
                0x0000008a       0x34 ./Core/Src/stm32f3xx_hal_msp.o
 .ARM.attributes
                0x000000be       0x34 ./Core/Src/stm32f3xx_it.o
 .ARM.attributes
                0x000000f2       0x34 ./Core/Src/sysmem.o
 .ARM.attributes
                0x00000126       0x34 ./Core/Src/system_stm32f3xx.o
 .ARM.attributes
                0x0000015a       0x21 ./Core/Startup/startup_stm32f303retx.o
 .ARM.attributes
                0x0000017b       0x34 ./Drivers/STM32F3xx_HAL_Driver/Src/stm32f3xx_hal.o
 .ARM.attributes
                0x000001af       0x34 ./Drivers/STM32F3xx_HAL_Driver/Src/stm32f3xx_hal_cortex.o
 .ARM.attributes
                0x000001e3       0x34 ./Drivers/STM32F3xx_HAL_Driver/Src/stm32f3xx_hal_gpio.o
 .ARM.attributes
                0x00000217       0x34 ./Drivers/STM32F3xx_HAL_Driver/Src/stm32f3xx_hal_rcc.o
 .ARM.attributes
                0x0000024b       0x34 ./Drivers/STM32F3xx_HAL_Driver/Src/stm32f3xx_hal_rcc_ex.o
 .ARM.attributes
                0x0000027f       0x34 ./Drivers/STM32F3xx_HAL_Driver/Src/stm32f3xx_hal_tim.o
 .ARM.attributes
                0x000002b3       0x34 ./Drivers/STM32F3xx_HAL_Driver/Src/stm32f3xx_hal_tim_ex.o
 .ARM.attributes
                0x000002e7       0x34 ./Drivers/STM32F3xx_HAL_Driver/Src/stm32f3xx_hal_uart.o
 .ARM.attributes
                0x0000031b       0x34 C:/ST/STM32CubeIDE_2.0.0/STM32CubeIDE/plugins/com.st.stm32cube.ide.mcu.externaltools.gnu-tools-for-stm32.13.3.rel1.win32_1.0.100.202509120712/tools/bin/../lib/gcc/arm-none-eabi/13.3.1/../../../../arm-none-eabi/lib/thumb/v7e-m+fp/hard\libc_nano.a(libc_a-findfp.o)
 .ARM.attributes
                0x0000034f       0x34 C:/ST/STM32CubeIDE_2.0.0/STM32CubeIDE/plugins/com.st.stm32cube.ide.mcu.externaltools.gnu-tools-for-stm32.13.3.rel1.win32_1.0.100.202509120712/tools/bin/../lib/gcc/arm-none-eabi/13.3.1/../../../../arm-none-eabi/lib/thumb/v7e-m+fp/hard\libc_nano.a(libc_a-sprintf.o)
 .ARM.attributes
                0x00000383       0x34 C:/ST/STM32CubeIDE_2.0.0/STM32CubeIDE/plugins/com.st.stm32cube.ide.mcu.externaltools.gnu-tools-for-stm32.13.3.rel1.win32_1.0.100.202509120712/tools/bin/../lib/gcc/arm-none-eabi/13.3.1/../../../../arm-none-eabi/lib/thumb/v7e-m+fp/hard\libc_nano.a(libc_a-memset.o)
 .ARM.attributes
                0x000003b7       0x34 C:/ST/STM32CubeIDE_2.0.0/STM32CubeIDE/plugins/com.st.stm32cube.ide.mcu.externaltools.gnu-tools-for-stm32.13.3.rel1.win32_1.0.100.202509120712/tools/bin/../lib/gcc/arm-none-eabi/13.3.1/../../../../arm-none-eabi/lib/thumb/v7e-m+fp/hard\libc_nano.a(libc_a-reent.o)
 .ARM.attributes
                0x000003eb       0x34 C:/ST/STM32CubeIDE_2.0.0/STM32CubeIDE/plugins/com.st.stm32cube.ide.mcu.externaltools.gnu-tools-for-stm32.13.3.rel1.win32_1.0.100.202509120712/tools/bin/../lib/gcc/arm-none-eabi/13.3.1/../../../../arm-none-eabi/lib/thumb/v7e-m+fp/hard\libc_nano.a(libc_a-impure.o)
 .ARM.attributes
                0x0000041f       0x34 C:/ST/STM32CubeIDE_2.0.0/STM32CubeIDE/plugins/com.st.stm32cube.ide.mcu.externaltools.gnu-tools-for-stm32.13.3.rel1.win32_1.0.100.202509120712/tools/bin/../lib/gcc/arm-none-eabi/13.3.1/../../../../arm-none-eabi/lib/thumb/v7e-m+fp/hard\libc_nano.a(libc_a-errno.o)
 .ARM.attributes
                0x00000453       0x34 C:/ST/STM32CubeIDE_2.0.0/STM32CubeIDE/plugins/com.st.stm32cube.ide.mcu.externaltools.gnu-tools-for-stm32.13.3.rel1.win32_1.0.100.202509120712/tools/bin/../lib/gcc/arm-none-eabi/13.3.1/../../../../arm-none-eabi/lib/thumb/v7e-m+fp/hard\libc_nano.a(libc_a-init.o)
 .ARM.attributes
                0x00000487       0x34 C:/ST/STM32CubeIDE_2.0.0/STM32CubeIDE/plugins/com.st.stm32cube.ide.mcu.externaltools.gnu-tools-for-stm32.13.3.rel1.win32_1.0.100.202509120712/tools/bin/../lib/gcc/arm-none-eabi/13.3.1/../../../../arm-none-eabi/lib/thumb/v7e-m+fp/hard\libc_nano.a(libc_a-lock.o)
 .ARM.attributes
                0x000004bb       0x34 C:/ST/STM32CubeIDE_2.0.0/STM32CubeIDE/plugins/com.st.stm32cube.ide.mcu.externaltools.gnu-tools-for-stm32.13.3.rel1.win32_1.0.100.202509120712/tools/bin/../lib/gcc/arm-none-eabi/13.3.1/../../../../arm-none-eabi/lib/thumb/v7e-m+fp/hard\libc_nano.a(libc_a-freer.o)
 .ARM.attributes
                0x000004ef       0x34 C:/ST/STM32CubeIDE_2.0.0/STM32CubeIDE/plugins/com.st.stm32cube.ide.mcu.externaltools.gnu-tools-for-stm32.13.3.rel1.win32_1.0.100.202509120712/tools/bin/../lib/gcc/arm-none-eabi/13.3.1/../../../../arm-none-eabi/lib/thumb/v7e-m+fp/hard\libc_nano.a(libc_a-mallocr.o)
 .ARM.attributes
                0x00000523       0x34 C:/ST/STM32CubeIDE_2.0.0/STM32CubeIDE/plugins/com.st.stm32cube.ide.mcu.externaltools.gnu-tools-for-stm32.13.3.rel1.win32_1.0.100.202509120712/tools/bin/../lib/gcc/arm-none-eabi/13.3.1/../../../../arm-none-eabi/lib/thumb/v7e-m+fp/hard\libc_nano.a(libc_a-mlock.o)
 .ARM.attributes
                0x00000557       0x34 C:/ST/STM32CubeIDE_2.0.0/STM32CubeIDE/plugins/com.st.stm32cube.ide.mcu.externaltools.gnu-tools-for-stm32.13.3.rel1.win32_1.0.100.202509120712/tools/bin/../lib/gcc/arm-none-eabi/13.3.1/../../../../arm-none-eabi/lib/thumb/v7e-m+fp/hard\libc_nano.a(libc_a-nano-svfprintf.o)
 .ARM.attributes
                0x0000058b       0x34 C:/ST/STM32CubeIDE_2.0.0/STM32CubeIDE/plugins/com.st.stm32cube.ide.mcu.externaltools.gnu-tools-for-stm32.13.3.rel1.win32_1.0.100.202509120712/tools/bin/../lib/gcc/arm-none-eabi/13.3.1/../../../../arm-none-eabi/lib/thumb/v7e-m+fp/hard\libc_nano.a(libc_a-nano-vfprintf_i.o)
 .ARM.attributes
                0x000005bf       0x34 C:/ST/STM32CubeIDE_2.0.0/STM32CubeIDE/plugins/com.st.stm32cube.ide.mcu.externaltools.gnu-tools-for-stm32.13.3.rel1.win32_1.0.100.202509120712/tools/bin/../lib/gcc/arm-none-eabi/13.3.1/../../../../arm-none-eabi/lib/thumb/v7e-m+fp/hard\libc_nano.a(libc_a-memmove.o)
 .ARM.attributes
                0x000005f3       0x34 C:/ST/STM32CubeIDE_2.0.0/STM32CubeIDE/plugins/com.st.stm32cube.ide.mcu.externaltools.gnu-tools-for-stm32.13.3.rel1.win32_1.0.100.202509120712/tools/bin/../lib/gcc/arm-none-eabi/13.3.1/../../../../arm-none-eabi/lib/thumb/v7e-m+fp/hard\libc_nano.a(libc_a-sbrkr.o)
 .ARM.attributes
                0x00000627       0x1c C:/ST/STM32CubeIDE_2.0.0/STM32CubeIDE/plugins/com.st.stm32cube.ide.mcu.externaltools.gnu-tools-for-stm32.13.3.rel1.win32_1.0.100.202509120712/tools/bin/../lib/gcc/arm-none-eabi/13.3.1/../../../../arm-none-eabi/lib/thumb/v7e-m+fp/hard\libc_nano.a(libc_a-memchr.o)
 .ARM.attributes
                0x00000643       0x34 C:/ST/STM32CubeIDE_2.0.0/STM32CubeIDE/plugins/com.st.stm32cube.ide.mcu.externaltools.gnu-tools-for-stm32.13.3.rel1.win32_1.0.100.202509120712/tools/bin/../lib/gcc/arm-none-eabi/13.3.1/../../../../arm-none-eabi/lib/thumb/v7e-m+fp/hard\libc_nano.a(libc_a-memcpy-stub.o)
 .ARM.attributes
                0x00000677       0x34 C:/ST/STM32CubeIDE_2.0.0/STM32CubeIDE/plugins/com.st.stm32cube.ide.mcu.externaltools.gnu-tools-for-stm32.13.3.rel1.win32_1.0.100.202509120712/tools/bin/../lib/gcc/arm-none-eabi/13.3.1/../../../../arm-none-eabi/lib/thumb/v7e-m+fp/hard\libc_nano.a(libc_a-reallocr.o)
 .ARM.attributes
                0x000006ab       0x34 C:/ST/STM32CubeIDE_2.0.0/STM32CubeIDE/plugins/com.st.stm32cube.ide.mcu.externaltools.gnu-tools-for-stm32.13.3.rel1.win32_1.0.100.202509120712/tools/bin/../lib/gcc/arm-none-eabi/13.3.1/../../../../arm-none-eabi/lib/thumb/v7e-m+fp/hard\libc_nano.a(libc_a-msizer.o)
 .ARM.attributes
                0x000006df       0x22 C:/ST/STM32CubeIDE_2.0.0/STM32CubeIDE/plugins/com.st.stm32cube.ide.mcu.externaltools.gnu-tools-for-stm32.13.3.rel1.win32_1.0.100.202509120712/tools/bin/../lib/gcc/arm-none-eabi/13.3.1/thumb/v7e-m+fp/hard\libgcc.a(_arm_addsubdf3.o)
 .ARM.attributes
                0x00000701       0x22 C:/ST/STM32CubeIDE_2.0.0/STM32CubeIDE/plugins/com.st.stm32cube.ide.mcu.externaltools.gnu-tools-for-stm32.13.3.rel1.win32_1.0.100.202509120712/tools/bin/../lib/gcc/arm-none-eabi/13.3.1/thumb/v7e-m+fp/hard\libgcc.a(_arm_muldivdf3.o)
 .ARM.attributes
                0x00000723       0x22 C:/ST/STM32CubeIDE_2.0.0/STM32CubeIDE/plugins/com.st.stm32cube.ide.mcu.externaltools.gnu-tools-for-stm32.13.3.rel1.win32_1.0.100.202509120712/tools/bin/../lib/gcc/arm-none-eabi/13.3.1/thumb/v7e-m+fp/hard\libgcc.a(_arm_fixunsdfsi.o)
 .ARM.attributes
                0x00000745       0x22 C:/ST/STM32CubeIDE_2.0.0/STM32CubeIDE/plugins/com.st.stm32cube.ide.mcu.externaltools.gnu-tools-for-stm32.13.3.rel1.win32_1.0.100.202509120712/tools/bin/../lib/gcc/arm-none-eabi/13.3.1/thumb/v7e-m+fp/hard/crtn.o
OUTPUT(Practicum7_1_v2.elf elf32-littlearm)
LOAD linker stubs
LOAD C:/ST/STM32CubeIDE_2.0.0/STM32CubeIDE/plugins/com.st.stm32cube.ide.mcu.externaltools.gnu-tools-for-stm32.13.3.rel1.win32_1.0.100.202509120712/tools/bin/../lib/gcc/arm-none-eabi/13.3.1/../../../../arm-none-eabi/lib/thumb/v7e-m+fp/hard\libc.a
LOAD C:/ST/STM32CubeIDE_2.0.0/STM32CubeIDE/plugins/com.st.stm32cube.ide.mcu.externaltools.gnu-tools-for-stm32.13.3.rel1.win32_1.0.100.202509120712/tools/bin/../lib/gcc/arm-none-eabi/13.3.1/../../../../arm-none-eabi/lib/thumb/v7e-m+fp/hard\libm.a
LOAD C:/ST/STM32CubeIDE_2.0.0/STM32CubeIDE/plugins/com.st.stm32cube.ide.mcu.externaltools.gnu-tools-for-stm32.13.3.rel1.win32_1.0.100.202509120712/tools/bin/../lib/gcc/arm-none-eabi/13.3.1/thumb/v7e-m+fp/hard\libgcc.a

.debug_info     0x00000000     0xd7cb
 .debug_info    0x00000000     0x13f1 ./Core/Src/main.o
 .debug_info    0x000013f1      0xd30 ./Core/Src/stm32f3xx_hal_msp.o
 .debug_info    0x00002121      0x113 ./Core/Src/stm32f3xx_it.o
 .debug_info    0x00002234      0x168 ./Core/Src/sysmem.o
 .debug_info    0x0000239c      0x407 ./Core/Src/system_stm32f3xx.o
 .debug_info    0x000027a3       0x30 ./Core/Startup/startup_stm32f303retx.o
 .debug_info    0x000027d3      0x804 ./Drivers/STM32F3xx_HAL_Driver/Src/stm32f3xx_hal.o
 .debug_info    0x00002fd7      0xd14 ./Drivers/STM32F3xx_HAL_Driver/Src/stm32f3xx_hal_cortex.o
 .debug_info    0x00003ceb      0x6a6 ./Drivers/STM32F3xx_HAL_Driver/Src/stm32f3xx_hal_gpio.o
 .debug_info    0x00004391     0x149a ./Drivers/STM32F3xx_HAL_Driver/Src/stm32f3xx_hal_rcc.o
 .debug_info    0x0000582b      0x61b ./Drivers/STM32F3xx_HAL_Driver/Src/stm32f3xx_hal_rcc_ex.o
 .debug_info    0x00005e46     0x2a70 ./Drivers/STM32F3xx_HAL_Driver/Src/stm32f3xx_hal_tim.o
 .debug_info    0x000088b6     0x156d ./Drivers/STM32F3xx_HAL_Driver/Src/stm32f3xx_hal_tim_ex.o
 .debug_info    0x00009e23     0x39a8 ./Drivers/STM32F3xx_HAL_Driver/Src/stm32f3xx_hal_uart.o

.debug_abbrev   0x00000000     0x1b24
 .debug_abbrev  0x00000000      0x2f4 ./Core/Src/main.o
 .debug_abbrev  0x000002f4      0x1d9 ./Core/Src/stm32f3xx_hal_msp.o
 .debug_abbrev  0x000004cd       0x73 ./Core/Src/stm32f3xx_it.o
 .debug_abbrev  0x00000540       0xbc ./Core/Src/sysmem.o
 .debug_abbrev  0x000005fc      0x11a ./Core/Src/system_stm32f3xx.o
 .debug_abbrev  0x00000716       0x24 ./Core/Startup/startup_stm32f303retx.o
 .debug_abbrev  0x0000073a      0x215 ./Drivers/STM32F3xx_HAL_Driver/Src/stm32f3xx_hal.o
 .debug_abbrev  0x0000094f      0x31e ./Drivers/STM32F3xx_HAL_Driver/Src/stm32f3xx_hal_cortex.o
 .debug_abbrev  0x00000c6d      0x1ca ./Drivers/STM32F3xx_HAL_Driver/Src/stm32f3xx_hal_gpio.o
 .debug_abbrev  0x00000e37      0x300 ./Drivers/STM32F3xx_HAL_Driver/Src/stm32f3xx_hal_rcc.o
 .debug_abbrev  0x00001137      0x221 ./Drivers/STM32F3xx_HAL_Driver/Src/stm32f3xx_hal_rcc_ex.o
 .debug_abbrev  0x00001358      0x278 ./Drivers/STM32F3xx_HAL_Driver/Src/stm32f3xx_hal_tim.o
 .debug_abbrev  0x000015d0      0x283 ./Drivers/STM32F3xx_HAL_Driver/Src/stm32f3xx_hal_tim_ex.o
 .debug_abbrev  0x00001853      0x2d1 ./Drivers/STM32F3xx_HAL_Driver/Src/stm32f3xx_hal_uart.o

.debug_aranges  0x00000000      0xc10
 .debug_aranges
                0x00000000       0x58 ./Core/Src/main.o
 .debug_aranges
                0x00000058       0x48 ./Core/Src/stm32f3xx_hal_msp.o
 .debug_aranges
                0x000000a0       0x60 ./Core/Src/stm32f3xx_it.o
 .debug_aranges
                0x00000100       0x20 ./Core/Src/sysmem.o
 .debug_aranges
                0x00000120       0x28 ./Core/Src/system_stm32f3xx.o
 .debug_aranges
                0x00000148       0x28 ./Core/Startup/startup_stm32f303retx.o
 .debug_aranges
                0x00000170       0xe0 ./Drivers/STM32F3xx_HAL_Driver/Src/stm32f3xx_hal.o
 .debug_aranges
                0x00000250      0x128 ./Drivers/STM32F3xx_HAL_Driver/Src/stm32f3xx_hal_cortex.o
 .debug_aranges
                0x00000378       0x58 ./Drivers/STM32F3xx_HAL_Driver/Src/stm32f3xx_hal_gpio.o
 .debug_aranges
                0x000003d0       0x88 ./Drivers/STM32F3xx_HAL_Driver/Src/stm32f3xx_hal_rcc.o
 .debug_aranges
                0x00000458       0x38 ./Drivers/STM32F3xx_HAL_Driver/Src/stm32f3xx_hal_rcc_ex.o
 .debug_aranges
                0x00000490      0x3e0 ./Drivers/STM32F3xx_HAL_Driver/Src/stm32f3xx_hal_tim.o
 .debug_aranges
                0x00000870      0x178 ./Drivers/STM32F3xx_HAL_Driver/Src/stm32f3xx_hal_tim_ex.o
 .debug_aranges
                0x000009e8      0x228 ./Drivers/STM32F3xx_HAL_Driver/Src/stm32f3xx_hal_uart.o

.debug_rnglists
                0x00000000      0x97b
 .debug_rnglists
                0x00000000       0x42 ./Core/Src/main.o
 .debug_rnglists
                0x00000042       0x32 ./Core/Src/stm32f3xx_hal_msp.o
 .debug_rnglists
                0x00000074       0x43 ./Core/Src/stm32f3xx_it.o
 .debug_rnglists
                0x000000b7       0x13 ./Core/Src/sysmem.o
 .debug_rnglists
                0x000000ca       0x1a ./Core/Src/system_stm32f3xx.o
 .debug_rnglists
                0x000000e4       0x19 ./Core/Startup/startup_stm32f303retx.o
 .debug_rnglists
                0x000000fd       0xa3 ./Drivers/STM32F3xx_HAL_Driver/Src/stm32f3xx_hal.o
 .debug_rnglists
                0x000001a0       0xda ./Drivers/STM32F3xx_HAL_Driver/Src/stm32f3xx_hal_cortex.o
 .debug_rnglists
                0x0000027a       0x3f ./Drivers/STM32F3xx_HAL_Driver/Src/stm32f3xx_hal_gpio.o
 .debug_rnglists
                0x000002b9       0x66 ./Drivers/STM32F3xx_HAL_Driver/Src/stm32f3xx_hal_rcc.o
 .debug_rnglists
                0x0000031f       0x29 ./Drivers/STM32F3xx_HAL_Driver/Src/stm32f3xx_hal_rcc_ex.o
 .debug_rnglists
                0x00000348      0x328 ./Drivers/STM32F3xx_HAL_Driver/Src/stm32f3xx_hal_tim.o
 .debug_rnglists
                0x00000670      0x131 ./Drivers/STM32F3xx_HAL_Driver/Src/stm32f3xx_hal_tim_ex.o
 .debug_rnglists
                0x000007a1      0x1da ./Drivers/STM32F3xx_HAL_Driver/Src/stm32f3xx_hal_uart.o

.debug_macro    0x00000000    0x20c8d
 .debug_macro   0x00000000      0x301 ./Core/Src/main.o
 .debug_macro   0x00000301      0xad8 ./Core/Src/main.o
 .debug_macro   0x00000dd9      0x15e ./Core/Src/main.o
 .debug_macro   0x00000f37       0x2e ./Core/Src/main.o
 .debug_macro   0x00000f65       0x28 ./Core/Src/main.o
 .debug_macro   0x00000f8d       0x22 ./Core/Src/main.o
 .debug_macro   0x00000faf       0x8e ./Core/Src/main.o
 .debug_macro   0x0000103d       0x51 ./Core/Src/main.o
 .debug_macro   0x0000108e      0x103 ./Core/Src/main.o
 .debug_macro   0x00001191       0x6a ./Core/Src/main.o
 .debug_macro   0x000011fb      0x1df ./Core/Src/main.o
 .debug_macro   0x000013da       0x1c ./Core/Src/main.o
 .debug_macro   0x000013f6       0x22 ./Core/Src/main.o
 .debug_macro   0x00001418       0xd9 ./Core/Src/main.o
 .debug_macro   0x000014f1     0x102d ./Core/Src/main.o
 .debug_macro   0x0000251e      0x11f ./Core/Src/main.o
 .debug_macro   0x0000263d    0x1535a ./Core/Src/main.o
 .debug_macro   0x00017997       0x6d ./Core/Src/main.o
 .debug_macro   0x00017a04     0x3574 ./Core/Src/main.o
 .debug_macro   0x0001af78      0x190 ./Core/Src/main.o
 .debug_macro   0x0001b108       0x55 ./Core/Src/main.o
 .debug_macro   0x0001b15d      0x953 ./Core/Src/main.o
 .debug_macro   0x0001bab0      0x84a ./Core/Src/main.o
 .debug_macro   0x0001c2fa      0x1b5 ./Core/Src/main.o
 .debug_macro   0x0001c4af      0x23a ./Core/Src/main.o
 .debug_macro   0x0001c6e9      0x1ea ./Core/Src/main.o
 .debug_macro   0x0001c8d3      0x1bc ./Core/Src/main.o
 .debug_macro   0x0001ca8f       0x30 ./Core/Src/main.o
 .debug_macro   0x0001cabf       0x3c ./Core/Src/main.o
 .debug_macro   0x0001cafb      0x235 ./Core/Src/main.o
 .debug_macro   0x0001cd30       0xc5 ./Core/Src/main.o
 .debug_macro   0x0001cdf5      0x21d ./Core/Src/main.o
 .debug_macro   0x0001d012      0x22c ./Core/Src/main.o
 .debug_macro   0x0001d23e       0x5b ./Core/Src/main.o
 .debug_macro   0x0001d299       0xa5 ./Core/Src/main.o
 .debug_macro   0x0001d33e       0x81 ./Core/Src/main.o
 .debug_macro   0x0001d3bf       0xd3 ./Core/Src/main.o
 .debug_macro   0x0001d492      0xa60 ./Core/Src/main.o
 .debug_macro   0x0001def2       0xba ./Core/Src/main.o
 .debug_macro   0x0001dfac      0x5ba ./Core/Src/main.o
 .debug_macro   0x0001e566       0x44 ./Core/Src/main.o
 .debug_macro   0x0001e5aa      0x347 ./Core/Src/main.o
 .debug_macro   0x0001e8f1       0x70 ./Core/Src/main.o
 .debug_macro   0x0001e961       0x61 ./Core/Src/main.o
 .debug_macro   0x0001e9c2       0x2a ./Core/Src/main.o
 .debug_macro   0x0001e9ec       0x43 ./Core/Src/main.o
 .debug_macro   0x0001ea2f       0x34 ./Core/Src/main.o
 .debug_macro   0x0001ea63       0x16 ./Core/Src/main.o
 .debug_macro   0x0001ea79       0x3c ./Core/Src/main.o
 .debug_macro   0x0001eab5      0x370 ./Core/Src/main.o
 .debug_macro   0x0001ee25       0x10 ./Core/Src/main.o
 .debug_macro   0x0001ee35       0x16 ./Core/Src/main.o
 .debug_macro   0x0001ee4b       0x4a ./Core/Src/main.o
 .debug_macro   0x0001ee95       0x34 ./Core/Src/main.o
 .debug_macro   0x0001eec9       0x10 ./Core/Src/main.o
 .debug_macro   0x0001eed9       0x58 ./Core/Src/main.o
 .debug_macro   0x0001ef31       0x8e ./Core/Src/main.o
 .debug_macro   0x0001efbf       0x1c ./Core/Src/main.o
 .debug_macro   0x0001efdb      0x185 ./Core/Src/main.o
 .debug_macro   0x0001f160       0x16 ./Core/Src/main.o
 .debug_macro   0x0001f176       0x16 ./Core/Src/main.o
 .debug_macro   0x0001f18c      0x146 ./Core/Src/main.o
 .debug_macro   0x0001f2d2      0x19b ./Core/Src/main.o
 .debug_macro   0x0001f46d      0x1e6 ./Core/Src/stm32f3xx_hal_msp.o
 .debug_macro   0x0001f653      0x1f0 ./Core/Src/stm32f3xx_it.o
 .debug_macro   0x0001f843      0x112 ./Core/Src/sysmem.o
 .debug_macro   0x0001f955      0x23c ./Core/Src/sysmem.o
 .debug_macro   0x0001fb91      0x1d7 ./Core/Src/system_stm32f3xx.o
 .debug_macro   0x0001fd68      0x1fb ./Drivers/STM32F3xx_HAL_Driver/Src/stm32f3xx_hal.o
 .debug_macro   0x0001ff63      0x1d7 ./Drivers/STM32F3xx_HAL_Driver/Src/stm32f3xx_hal_cortex.o
 .debug_macro   0x0002013a      0x1de ./Drivers/STM32F3xx_HAL_Driver/Src/stm32f3xx_hal_gpio.o
 .debug_macro   0x00020318      0x1fb ./Drivers/STM32F3xx_HAL_Driver/Src/stm32f3xx_hal_rcc.o
 .debug_macro   0x00020513      0x1d7 ./Drivers/STM32F3xx_HAL_Driver/Src/stm32f3xx_hal_rcc_ex.o
 .debug_macro   0x000206ea      0x1d8 ./Drivers/STM32F3xx_HAL_Driver/Src/stm32f3xx_hal_tim.o
 .debug_macro   0x000208c2      0x1d7 ./Drivers/STM32F3xx_HAL_Driver/Src/stm32f3xx_hal_tim_ex.o
 .debug_macro   0x00020a99      0x1f4 ./Drivers/STM32F3xx_HAL_Driver/Src/stm32f3xx_hal_uart.o

.debug_line     0x00000000     0xf74a
 .debug_line    0x00000000      0xaec ./Core/Src/main.o
 .debug_line    0x00000aec      0x82b ./Core/Src/stm32f3xx_hal_msp.o
 .debug_line    0x00001317      0x824 ./Core/Src/stm32f3xx_it.o
 .debug_line    0x00001b3b      0x58d ./Core/Src/sysmem.o
 .debug_line    0x000020c8      0x7f4 ./Core/Src/system_stm32f3xx.o
 .debug_line    0x000028bc       0x7a ./Core/Startup/startup_stm32f303retx.o
 .debug_line    0x00002936      0xa2b ./Drivers/STM32F3xx_HAL_Driver/Src/stm32f3xx_hal.o
 .debug_line    0x00003361      0xcf6 ./Drivers/STM32F3xx_HAL_Driver/Src/stm32f3xx_hal_cortex.o
 .debug_line    0x00004057      0xb9e ./Drivers/STM32F3xx_HAL_Driver/Src/stm32f3xx_hal_gpio.o
 .debug_line    0x00004bf5     0x15a2 ./Drivers/STM32F3xx_HAL_Driver/Src/stm32f3xx_hal_rcc.o
 .debug_line    0x00006197      0xf8e ./Drivers/STM32F3xx_HAL_Driver/Src/stm32f3xx_hal_rcc_ex.o
 .debug_line    0x00007125     0x3ee2 ./Drivers/STM32F3xx_HAL_Driver/Src/stm32f3xx_hal_tim.o
 .debug_line    0x0000b007     0x1a9c ./Drivers/STM32F3xx_HAL_Driver/Src/stm32f3xx_hal_tim_ex.o
 .debug_line    0x0000caa3     0x2ca7 ./Drivers/STM32F3xx_HAL_Driver/Src/stm32f3xx_hal_uart.o

.debug_str      0x00000000    0xcab53
 .debug_str     0x00000000    0xcab53 ./Core/Src/main.o
                              0xc80b8 (size before relaxing)
 .debug_str     0x000cab53        0x0 ./Core/Src/stm32f3xx_hal_msp.o
                              0xc3ab8 (size before relaxing)
 .debug_str     0x000cab53        0x0 ./Core/Src/stm32f3xx_it.o
                              0xc3272 (size before relaxing)
 .debug_str     0x000cab53        0x0 ./Core/Src/sysmem.o
                               0x77ac (size before relaxing)
 .debug_str     0x000cab53        0x0 ./Core/Src/system_stm32f3xx.o
                              0xc316a (size before relaxing)
 .debug_str     0x000cab53        0x0 ./Core/Startup/startup_stm32f303retx.o
                                 0xae (size before relaxing)
 .debug_str     0x000cab53        0x0 ./Drivers/STM32F3xx_HAL_Driver/Src/stm32f3xx_hal.o
                              0xc3a13 (size before relaxing)
 .debug_str     0x000cab53        0x0 ./Drivers/STM32F3xx_HAL_Driver/Src/stm32f3xx_hal_cortex.o
                              0xc3a97 (size before relaxing)
 .debug_str     0x000cab53        0x0 ./Drivers/STM32F3xx_HAL_Driver/Src/stm32f3xx_hal_gpio.o
                              0xc334f (size before relaxing)
 .debug_str     0x000cab53        0x0 ./Drivers/STM32F3xx_HAL_Driver/Src/stm32f3xx_hal_rcc.o
                              0xc360e (size before relaxing)
 .debug_str     0x000cab53        0x0 ./Drivers/STM32F3xx_HAL_Driver/Src/stm32f3xx_hal_rcc_ex.o
                              0xc3458 (size before relaxing)
 .debug_str     0x000cab53        0x0 ./Drivers/STM32F3xx_HAL_Driver/Src/stm32f3xx_hal_tim.o
                              0xc45a1 (size before relaxing)
 .debug_str     0x000cab53        0x0 ./Drivers/STM32F3xx_HAL_Driver/Src/stm32f3xx_hal_tim_ex.o
                              0xc3de7 (size before relaxing)
 .debug_str     0x000cab53        0x0 ./Drivers/STM32F3xx_HAL_Driver/Src/stm32f3xx_hal_uart.o
                              0xc3e8d (size before relaxing)

.comment        0x00000000       0x43
 .comment       0x00000000       0x43 ./Core/Src/main.o
                                 0x44 (size before relaxing)
 .comment       0x00000043        0x0 ./Core/Src/stm32f3xx_hal_msp.o
                                 0x44 (size before relaxing)
 .comment       0x00000043        0x0 ./Core/Src/stm32f3xx_it.o
                                 0x44 (size before relaxing)
 .comment       0x00000043        0x0 ./Core/Src/sysmem.o
                                 0x44 (size before relaxing)
 .comment       0x00000043        0x0 ./Core/Src/system_stm32f3xx.o
                                 0x44 (size before relaxing)
 .comment       0x00000043        0x0 ./Drivers/STM32F3xx_HAL_Driver/Src/stm32f3xx_hal.o
                                 0x44 (size before relaxing)
 .comment       0x00000043        0x0 ./Drivers/STM32F3xx_HAL_Driver/Src/stm32f3xx_hal_cortex.o
                                 0x44 (size before relaxing)
 .comment       0x00000043        0x0 ./Drivers/STM32F3xx_HAL_Driver/Src/stm32f3xx_hal_gpio.o
                                 0x44 (size before relaxing)
 .comment       0x00000043        0x0 ./Drivers/STM32F3xx_HAL_Driver/Src/stm32f3xx_hal_rcc.o
                                 0x44 (size before relaxing)
 .comment       0x00000043        0x0 ./Drivers/STM32F3xx_HAL_Driver/Src/stm32f3xx_hal_rcc_ex.o
                                 0x44 (size before relaxing)
 .comment       0x00000043        0x0 ./Drivers/STM32F3xx_HAL_Driver/Src/stm32f3xx_hal_tim.o
                                 0x44 (size before relaxing)
 .comment       0x00000043        0x0 ./Drivers/STM32F3xx_HAL_Driver/Src/stm32f3xx_hal_tim_ex.o
                                 0x44 (size before relaxing)
 .comment       0x00000043        0x0 ./Drivers/STM32F3xx_HAL_Driver/Src/stm32f3xx_hal_uart.o
                                 0x44 (size before relaxing)

.debug_frame    0x00000000     0x3900
 .debug_frame   0x00000000      0x120 ./Core/Src/main.o
 .debug_frame   0x00000120       0xf0 ./Core/Src/stm32f3xx_hal_msp.o
 .debug_frame   0x00000210      0x104 ./Core/Src/stm32f3xx_it.o
 .debug_frame   0x00000314       0x34 ./Core/Src/sysmem.o
 .debug_frame   0x00000348       0x58 ./Core/Src/system_stm32f3xx.o
 .debug_frame   0x000003a0      0x334 ./Drivers/STM32F3xx_HAL_Driver/Src/stm32f3xx_hal.o
 .debug_frame   0x000006d4      0x4e8 ./Drivers/STM32F3xx_HAL_Driver/Src/stm32f3xx_hal_cortex.o
 .debug_frame   0x00000bbc      0x14c ./Drivers/STM32F3xx_HAL_Driver/Src/stm32f3xx_hal_gpio.o
 .debug_frame   0x00000d08      0x214 ./Drivers/STM32F3xx_HAL_Driver/Src/stm32f3xx_hal_rcc.o
 .debug_frame   0x00000f1c       0xb0 ./Drivers/STM32F3xx_HAL_Driver/Src/stm32f3xx_hal_rcc_ex.o
 .debug_frame   0x00000fcc     0x1218 ./Drivers/STM32F3xx_HAL_Driver/Src/stm32f3xx_hal_tim.o
 .debug_frame   0x000021e4      0x688 ./Drivers/STM32F3xx_HAL_Driver/Src/stm32f3xx_hal_tim_ex.o
 .debug_frame   0x0000286c      0x9e8 ./Drivers/STM32F3xx_HAL_Driver/Src/stm32f3xx_hal_uart.o
 .debug_frame   0x00003254      0x144 C:/ST/STM32CubeIDE_2.0.0/STM32CubeIDE/plugins/com.st.stm32cube.ide.mcu.externaltools.gnu-tools-for-stm32.13.3.rel1.win32_1.0.100.202509120712/tools/bin/../lib/gcc/arm-none-eabi/13.3.1/../../../../arm-none-eabi/lib/thumb/v7e-m+fp/hard\libc_nano.a(libc_a-findfp.o)
 .debug_frame   0x00003398       0x74 C:/ST/STM32CubeIDE_2.0.0/STM32CubeIDE/plugins/com.st.stm32cube.ide.mcu.externaltools.gnu-tools-for-stm32.13.3.rel1.win32_1.0.100.202509120712/tools/bin/../lib/gcc/arm-none-eabi/13.3.1/../../../../arm-none-eabi/lib/thumb/v7e-m+fp/hard\libc_nano.a(libc_a-sprintf.o)
 .debug_frame   0x0000340c       0x20 C:/ST/STM32CubeIDE_2.0.0/STM32CubeIDE/plugins/com.st.stm32cube.ide.mcu.externaltools.gnu-tools-for-stm32.13.3.rel1.win32_1.0.100.202509120712/tools/bin/../lib/gcc/arm-none-eabi/13.3.1/../../../../arm-none-eabi/lib/thumb/v7e-m+fp/hard\libc_nano.a(libc_a-memset.o)
 .debug_frame   0x0000342c       0x38 C:/ST/STM32CubeIDE_2.0.0/STM32CubeIDE/plugins/com.st.stm32cube.ide.mcu.externaltools.gnu-tools-for-stm32.13.3.rel1.win32_1.0.100.202509120712/tools/bin/../lib/gcc/arm-none-eabi/13.3.1/../../../../arm-none-eabi/lib/thumb/v7e-m+fp/hard\libc_nano.a(libc_a-reent.o)
 .debug_frame   0x00003464       0x20 C:/ST/STM32CubeIDE_2.0.0/STM32CubeIDE/plugins/com.st.stm32cube.ide.mcu.externaltools.gnu-tools-for-stm32.13.3.rel1.win32_1.0.100.202509120712/tools/bin/../lib/gcc/arm-none-eabi/13.3.1/../../../../arm-none-eabi/lib/thumb/v7e-m+fp/hard\libc_nano.a(libc_a-errno.o)
 .debug_frame   0x00003484       0x2c C:/ST/STM32CubeIDE_2.0.0/STM32CubeIDE/plugins/com.st.stm32cube.ide.mcu.externaltools.gnu-tools-for-stm32.13.3.rel1.win32_1.0.100.202509120712/tools/bin/../lib/gcc/arm-none-eabi/13.3.1/../../../../arm-none-eabi/lib/thumb/v7e-m+fp/hard\libc_nano.a(libc_a-init.o)
 .debug_frame   0x000034b0       0xb0 C:/ST/STM32CubeIDE_2.0.0/STM32CubeIDE/plugins/com.st.stm32cube.ide.mcu.externaltools.gnu-tools-for-stm32.13.3.rel1.win32_1.0.100.202509120712/tools/bin/../lib/gcc/arm-none-eabi/13.3.1/../../../../arm-none-eabi/lib/thumb/v7e-m+fp/hard\libc_nano.a(libc_a-lock.o)
 .debug_frame   0x00003560       0x38 C:/ST/STM32CubeIDE_2.0.0/STM32CubeIDE/plugins/com.st.stm32cube.ide.mcu.externaltools.gnu-tools-for-stm32.13.3.rel1.win32_1.0.100.202509120712/tools/bin/../lib/gcc/arm-none-eabi/13.3.1/../../../../arm-none-eabi/lib/thumb/v7e-m+fp/hard\libc_nano.a(libc_a-freer.o)
 .debug_frame   0x00003598       0x50 C:/ST/STM32CubeIDE_2.0.0/STM32CubeIDE/plugins/com.st.stm32cube.ide.mcu.externaltools.gnu-tools-for-stm32.13.3.rel1.win32_1.0.100.202509120712/tools/bin/../lib/gcc/arm-none-eabi/13.3.1/../../../../arm-none-eabi/lib/thumb/v7e-m+fp/hard\libc_nano.a(libc_a-mallocr.o)
 .debug_frame   0x000035e8       0x30 C:/ST/STM32CubeIDE_2.0.0/STM32CubeIDE/plugins/com.st.stm32cube.ide.mcu.externaltools.gnu-tools-for-stm32.13.3.rel1.win32_1.0.100.202509120712/tools/bin/../lib/gcc/arm-none-eabi/13.3.1/../../../../arm-none-eabi/lib/thumb/v7e-m+fp/hard\libc_nano.a(libc_a-mlock.o)
 .debug_frame   0x00003618       0x90 C:/ST/STM32CubeIDE_2.0.0/STM32CubeIDE/plugins/com.st.stm32cube.ide.mcu.externaltools.gnu-tools-for-stm32.13.3.rel1.win32_1.0.100.202509120712/tools/bin/../lib/gcc/arm-none-eabi/13.3.1/../../../../arm-none-eabi/lib/thumb/v7e-m+fp/hard\libc_nano.a(libc_a-nano-svfprintf.o)
 .debug_frame   0x000036a8       0x60 C:/ST/STM32CubeIDE_2.0.0/STM32CubeIDE/plugins/com.st.stm32cube.ide.mcu.externaltools.gnu-tools-for-stm32.13.3.rel1.win32_1.0.100.202509120712/tools/bin/../lib/gcc/arm-none-eabi/13.3.1/../../../../arm-none-eabi/lib/thumb/v7e-m+fp/hard\libc_nano.a(libc_a-nano-vfprintf_i.o)
 .debug_frame   0x00003708       0x28 C:/ST/STM32CubeIDE_2.0.0/STM32CubeIDE/plugins/com.st.stm32cube.ide.mcu.externaltools.gnu-tools-for-stm32.13.3.rel1.win32_1.0.100.202509120712/tools/bin/../lib/gcc/arm-none-eabi/13.3.1/../../../../arm-none-eabi/lib/thumb/v7e-m+fp/hard\libc_nano.a(libc_a-memmove.o)
 .debug_frame   0x00003730       0x2c C:/ST/STM32CubeIDE_2.0.0/STM32CubeIDE/plugins/com.st.stm32cube.ide.mcu.externaltools.gnu-tools-for-stm32.13.3.rel1.win32_1.0.100.202509120712/tools/bin/../lib/gcc/arm-none-eabi/13.3.1/../../../../arm-none-eabi/lib/thumb/v7e-m+fp/hard\libc_nano.a(libc_a-sbrkr.o)
 .debug_frame   0x0000375c       0x28 C:/ST/STM32CubeIDE_2.0.0/STM32CubeIDE/plugins/com.st.stm32cube.ide.mcu.externaltools.gnu-tools-for-stm32.13.3.rel1.win32_1.0.100.202509120712/tools/bin/../lib/gcc/arm-none-eabi/13.3.1/../../../../arm-none-eabi/lib/thumb/v7e-m+fp/hard\libc_nano.a(libc_a-memcpy-stub.o)
 .debug_frame   0x00003784       0x3c C:/ST/STM32CubeIDE_2.0.0/STM32CubeIDE/plugins/com.st.stm32cube.ide.mcu.externaltools.gnu-tools-for-stm32.13.3.rel1.win32_1.0.100.202509120712/tools/bin/../lib/gcc/arm-none-eabi/13.3.1/../../../../arm-none-eabi/lib/thumb/v7e-m+fp/hard\libc_nano.a(libc_a-reallocr.o)
 .debug_frame   0x000037c0       0x20 C:/ST/STM32CubeIDE_2.0.0/STM32CubeIDE/plugins/com.st.stm32cube.ide.mcu.externaltools.gnu-tools-for-stm32.13.3.rel1.win32_1.0.100.202509120712/tools/bin/../lib/gcc/arm-none-eabi/13.3.1/../../../../arm-none-eabi/lib/thumb/v7e-m+fp/hard\libc_nano.a(libc_a-msizer.o)
 .debug_frame   0x000037e0       0xac C:/ST/STM32CubeIDE_2.0.0/STM32CubeIDE/plugins/com.st.stm32cube.ide.mcu.externaltools.gnu-tools-for-stm32.13.3.rel1.win32_1.0.100.202509120712/tools/bin/../lib/gcc/arm-none-eabi/13.3.1/thumb/v7e-m+fp/hard\libgcc.a(_arm_addsubdf3.o)
 .debug_frame   0x0000388c       0x50 C:/ST/STM32CubeIDE_2.0.0/STM32CubeIDE/plugins/com.st.stm32cube.ide.mcu.externaltools.gnu-tools-for-stm32.13.3.rel1.win32_1.0.100.202509120712/tools/bin/../lib/gcc/arm-none-eabi/13.3.1/thumb/v7e-m+fp/hard\libgcc.a(_arm_muldivdf3.o)
 .debug_frame   0x000038dc       0x24 C:/ST/STM32CubeIDE_2.0.0/STM32CubeIDE/plugins/com.st.stm32cube.ide.mcu.externaltools.gnu-tools-for-stm32.13.3.rel1.win32_1.0.100.202509120712/tools/bin/../lib/gcc/arm-none-eabi/13.3.1/thumb/v7e-m+fp/hard\libgcc.a(_arm_fixunsdfsi.o)

.debug_line_str
                0x00000000       0x92
 .debug_line_str
                0x00000000       0x92 ./Core/Startup/startup_stm32f303retx.o
