../Core/Src/main.c:78:5:main	8	static
../Core/Src/main.c:125:6:SystemClock_Config	160	static
../Core/Src/main.c:175:13:MX_TIM2_Init	64	static
../Core/Src/main.c:234:13:MX_TIM3_Init	64	static
../Core/Src/main.c:294:13:MX_USART2_UART_Init	8	static
../Core/Src/main.c:329:13:MX_GPIO_Init	48	static
../Core/Src/main.c:370:6:HAL_GPIO_EXTI_Callback	16	static
../Core/Src/main.c:377:6:speelNoot	32	static
../Core/Src/main.c:387:6:speelBeethoven	8	static
../Core/Src/main.c:418:6:Error_Handler	4	static,ignoring_inline_asm
